---
source: docx-core/tests/reader.rs
expression: "&json"
---
"{\n  \"contentType\": {\n    \"types\": {\n      \"/_rels/.rels\": \"application/vnd.openxmlformats-package.relationships+xml\",\n      \"/docProps/app.xml\": \"application/vnd.openxmlformats-officedocument.extended-properties+xml\",\n      \"/docProps/core.xml\": \"application/vnd.openxmlformats-package.core-properties+xml\",\n      \"/word/_rels/document.xml.rels\": \"application/vnd.openxmlformats-package.relationships+xml\",\n      \"/word/comments.xml\": \"application/vnd.openxmlformats-officedocument.wordprocessingml.comments+xml\",\n      \"/word/document.xml\": \"application/vnd.openxmlformats-officedocument.wordprocessingml.document.main+xml\",\n      \"/word/fontTable.xml\": \"application/vnd.openxmlformats-officedocument.wordprocessingml.fontTable+xml\",\n      \"/word/numbering.xml\": \"application/vnd.openxmlformats-officedocument.wordprocessingml.numbering+xml\",\n      \"/word/settings.xml\": \"application/vnd.openxmlformats-officedocument.wordprocessingml.settings+xml\",\n      \"/word/styles.xml\": \"application/vnd.openxmlformats-officedocument.wordprocessingml.styles+xml\"\n    }\n  },\n  \"rels\": {\n    \"rels\": [\n      [\n        \"http://schemas.openxmlformats.org/package/2006/relationships/metadata/core-properties\",\n        \"rId1\",\n        \"docProps/core.xml\"\n      ],\n      [\n        \"http://schemas.openxmlformats.org/officeDocument/2006/relationships/extended-properties\",\n        \"rId2\",\n        \"docProps/app.xml\"\n      ],\n      [\n        \"http://schemas.openxmlformats.org/officeDocument/2006/relationships/officeDocument\",\n        \"rId3\",\n        \"word/document.xml\"\n      ]\n    ]\n  },\n  \"documentRels\": {\n    \"hasComments\": false,\n    \"hasNumberings\": false\n  },\n  \"docProps\": {\n    \"app\": {},\n    \"core\": {\n      \"config\": {\n        \"created\": null,\n        \"creator\": null,\n        \"description\": null,\n        \"language\": null,\n        \"lastModifiedBy\": null,\n        \"modified\": null,\n        \"revision\": null,\n        \"subject\": null,\n        \"title\": null\n      }\n    }\n  },\n  \"styles\": {\n    \"docDefaults\": {\n      \"runPropertyDefault\": {\n        \"runProperty\": {\n          \"sz\": null,\n          \"szCs\": null,\n          \"color\": null,\n          \"highlight\": null,\n          \"underline\": null,\n          \"bold\": null,\n          \"boldCs\": null,\n          \"italic\": null,\n          \"italicCs\": null,\n          \"vanish\": null\n        }\n      }\n    },\n    \"styles\": [\n      {\n        \"styleId\": \"Title\",\n        \"name\": \"Title\",\n        \"styleType\": \"paragraph\",\n        \"runProperty\": {\n          \"sz\": 56,\n          \"szCs\": 56,\n          \"color\": null,\n          \"highlight\": null,\n          \"underline\": null,\n          \"bold\": null,\n          \"boldCs\": null,\n          \"italic\": null,\n          \"italicCs\": null,\n          \"vanish\": null\n        },\n        \"paragraphProperty\": {\n          \"runProperty\": {\n            \"sz\": null,\n            \"szCs\": null,\n            \"color\": null,\n            \"highlight\": null,\n            \"underline\": null,\n            \"bold\": null,\n            \"boldCs\": null,\n            \"italic\": null,\n            \"italicCs\": null,\n            \"vanish\": null\n          },\n          \"style\": \"Normal\",\n          \"numberingProperty\": null,\n          \"alignment\": null,\n          \"indent\": null\n        }\n      },\n      {\n        \"styleId\": \"Heading1\",\n        \"name\": \"Heading 1\",\n        \"styleType\": \"paragraph\",\n        \"runProperty\": {\n          \"sz\": 32,\n          \"szCs\": 32,\n          \"color\": \"2E74B5\",\n          \"highlight\": null,\n          \"underline\": null,\n          \"bold\": null,\n          \"boldCs\": null,\n          \"italic\": null,\n          \"italicCs\": null,\n          \"vanish\": null\n        },\n        \"paragraphProperty\": {\n          \"runProperty\": {\n            \"sz\": null,\n            \"szCs\": null,\n            \"color\": null,\n            \"highlight\": null,\n            \"underline\": null,\n            \"bold\": null,\n            \"boldCs\": null,\n            \"italic\": null,\n            \"italicCs\": null,\n            \"vanish\": null\n          },\n          \"style\": \"Normal\",\n          \"numberingProperty\": null,\n          \"alignment\": null,\n          \"indent\": null\n        }\n      },\n      {\n        \"styleId\": \"Heading2\",\n        \"name\": \"Heading 2\",\n        \"styleType\": \"paragraph\",\n        \"runProperty\": {\n          \"sz\": 26,\n          \"szCs\": 26,\n          \"color\": \"2E74B5\",\n          \"highlight\": null,\n          \"underline\": null,\n          \"bold\": null,\n          \"boldCs\": null,\n          \"italic\": null,\n          \"italicCs\": null,\n          \"vanish\": null\n        },\n        \"paragraphProperty\": {\n          \"runProperty\": {\n            \"sz\": null,\n            \"szCs\": null,\n            \"color\": null,\n            \"highlight\": null,\n            \"underline\": null,\n            \"bold\": null,\n            \"boldCs\": null,\n            \"italic\": null,\n            \"italicCs\": null,\n            \"vanish\": null\n          },\n          \"style\": \"Normal\",\n          \"numberingProperty\": null,\n          \"alignment\": null,\n          \"indent\": null\n        }\n      },\n      {\n        \"styleId\": \"Heading3\",\n        \"name\": \"Heading 3\",\n        \"styleType\": \"paragraph\",\n        \"runProperty\": {\n          \"sz\": 24,\n          \"szCs\": 24,\n          \"color\": \"1F4D78\",\n          \"highlight\": null,\n          \"underline\": null,\n          \"bold\": null,\n          \"boldCs\": null,\n          \"italic\": null,\n          \"italicCs\": null,\n          \"vanish\": null\n        },\n        \"paragraphProperty\": {\n          \"runProperty\": {\n            \"sz\": null,\n            \"szCs\": null,\n            \"color\": null,\n            \"highlight\": null,\n            \"underline\": null,\n            \"bold\": null,\n            \"boldCs\": null,\n            \"italic\": null,\n            \"italicCs\": null,\n            \"vanish\": null\n          },\n          \"style\": \"Normal\",\n          \"numberingProperty\": null,\n          \"alignment\": null,\n          \"indent\": null\n        }\n      },\n      {\n        \"styleId\": \"Heading4\",\n        \"name\": \"Heading 4\",\n        \"styleType\": \"paragraph\",\n        \"runProperty\": {\n          \"sz\": null,\n          \"szCs\": null,\n          \"color\": \"2E74B5\",\n          \"highlight\": null,\n          \"underline\": null,\n          \"bold\": null,\n          \"boldCs\": null,\n          \"italic\": true,\n          \"italicCs\": true,\n          \"vanish\": null\n        },\n        \"paragraphProperty\": {\n          \"runProperty\": {\n            \"sz\": null,\n            \"szCs\": null,\n            \"color\": null,\n            \"highlight\": null,\n            \"underline\": null,\n            \"bold\": null,\n            \"boldCs\": null,\n            \"italic\": null,\n            \"italicCs\": null,\n            \"vanish\": null\n          },\n          \"style\": \"Normal\",\n          \"numberingProperty\": null,\n          \"alignment\": null,\n          \"indent\": null\n        }\n      },\n      {\n        \"styleId\": \"Heading5\",\n        \"name\": \"Heading 5\",\n        \"styleType\": \"paragraph\",\n        \"runProperty\": {\n          \"sz\": null,\n          \"szCs\": null,\n          \"color\": \"2E74B5\",\n          \"highlight\": null,\n          \"underline\": null,\n          \"bold\": null,\n          \"boldCs\": null,\n          \"italic\": null,\n          \"italicCs\": null,\n          \"vanish\": null\n        },\n        \"paragraphProperty\": {\n          \"runProperty\": {\n            \"sz\": null,\n            \"szCs\": null,\n            \"color\": null,\n            \"highlight\": null,\n            \"underline\": null,\n            \"bold\": null,\n            \"boldCs\": null,\n            \"italic\": null,\n            \"italicCs\": null,\n            \"vanish\": null\n          },\n          \"style\": \"Normal\",\n          \"numberingProperty\": null,\n          \"alignment\": null,\n          \"indent\": null\n        }\n      },\n      {\n        \"styleId\": \"Heading6\",\n        \"name\": \"Heading 6\",\n        \"styleType\": \"paragraph\",\n        \"runProperty\": {\n          \"sz\": null,\n          \"szCs\": null,\n          \"color\": \"1F4D78\",\n          \"highlight\": null,\n          \"underline\": null,\n          \"bold\": null,\n          \"boldCs\": null,\n          \"italic\": null,\n          \"italicCs\": null,\n          \"vanish\": null\n        },\n        \"paragraphProperty\": {\n          \"runProperty\": {\n            \"sz\": null,\n            \"szCs\": null,\n            \"color\": null,\n            \"highlight\": null,\n            \"underline\": null,\n            \"bold\": null,\n            \"boldCs\": null,\n            \"italic\": null,\n            \"italicCs\": null,\n            \"vanish\": null\n          },\n          \"style\": \"Normal\",\n          \"numberingProperty\": null,\n          \"alignment\": null,\n          \"indent\": null\n        }\n      },\n      {\n        \"styleId\": \"ListParagraph\",\n        \"name\": \"List Paragraph\",\n        \"styleType\": \"paragraph\",\n        \"runProperty\": {\n          \"sz\": null,\n          \"szCs\": null,\n          \"color\": null,\n          \"highlight\": null,\n          \"underline\": null,\n          \"bold\": null,\n          \"boldCs\": null,\n          \"italic\": null,\n          \"italicCs\": null,\n          \"vanish\": null\n        },\n        \"paragraphProperty\": {\n          \"runProperty\": {\n            \"sz\": null,\n            \"szCs\": null,\n            \"color\": null,\n            \"highlight\": null,\n            \"underline\": null,\n            \"bold\": null,\n            \"boldCs\": null,\n            \"italic\": null,\n            \"italicCs\": null,\n            \"vanish\": null\n          },\n          \"style\": \"Normal\",\n          \"numberingProperty\": null,\n          \"alignment\": null,\n          \"indent\": null\n        }\n      },\n      {\n        \"styleId\": \"Hyperlink\",\n        \"name\": \"Hyperlink\",\n        \"styleType\": \"character\",\n        \"runProperty\": {\n          \"sz\": null,\n          \"szCs\": null,\n          \"color\": \"0563C1\",\n          \"highlight\": null,\n          \"underline\": \"single\",\n          \"bold\": null,\n          \"boldCs\": null,\n          \"italic\": null,\n          \"italicCs\": null,\n          \"vanish\": null\n        },\n        \"paragraphProperty\": {\n          \"runProperty\": {\n            \"sz\": null,\n            \"szCs\": null,\n            \"color\": null,\n            \"highlight\": null,\n            \"underline\": null,\n            \"bold\": null,\n            \"boldCs\": null,\n            \"italic\": null,\n            \"italicCs\": null,\n            \"vanish\": null\n          },\n          \"style\": \"Normal\",\n          \"numberingProperty\": null,\n          \"alignment\": null,\n          \"indent\": null\n        }\n      },\n      {\n        \"styleId\": \"FootnoteReference\",\n        \"name\": \"footnote reference\",\n        \"styleType\": \"character\",\n        \"runProperty\": {\n          \"sz\": null,\n          \"szCs\": null,\n          \"color\": null,\n          \"highlight\": null,\n          \"underline\": null,\n          \"bold\": null,\n          \"boldCs\": null,\n          \"italic\": null,\n          \"italicCs\": null,\n          \"vanish\": null\n        },\n        \"paragraphProperty\": {\n          \"runProperty\": {\n            \"sz\": null,\n            \"szCs\": null,\n            \"color\": null,\n            \"highlight\": null,\n            \"underline\": null,\n            \"bold\": null,\n            \"boldCs\": null,\n            \"italic\": null,\n            \"italicCs\": null,\n            \"vanish\": null\n          },\n          \"style\": \"Normal\",\n          \"numberingProperty\": null,\n          \"alignment\": null,\n          \"indent\": null\n        }\n      },\n      {\n        \"styleId\": \"FootnoteText\",\n        \"name\": \"footnote text\",\n        \"styleType\": \"paragraph\",\n        \"runProperty\": {\n          \"sz\": 20,\n          \"szCs\": 20,\n          \"color\": null,\n          \"highlight\": null,\n          \"underline\": null,\n          \"bold\": null,\n          \"boldCs\": null,\n          \"italic\": null,\n          \"italicCs\": null,\n          \"vanish\": null\n        },\n        \"paragraphProperty\": {\n          \"runProperty\": {\n            \"sz\": null,\n            \"szCs\": null,\n            \"color\": null,\n            \"highlight\": null,\n            \"underline\": null,\n            \"bold\": null,\n            \"boldCs\": null,\n            \"italic\": null,\n            \"italicCs\": null,\n            \"vanish\": null\n          },\n          \"style\": \"Normal\",\n          \"numberingProperty\": null,\n          \"alignment\": null,\n          \"indent\": null\n        }\n      },\n      {\n        \"styleId\": \"FootnoteTextChar\",\n        \"name\": \"Footnote Text Char\",\n        \"styleType\": \"character\",\n        \"runProperty\": {\n          \"sz\": 20,\n          \"szCs\": 20,\n          \"color\": null,\n          \"highlight\": null,\n          \"underline\": null,\n          \"bold\": null,\n          \"boldCs\": null,\n          \"italic\": null,\n          \"italicCs\": null,\n          \"vanish\": null\n        },\n        \"paragraphProperty\": {\n          \"runProperty\": {\n            \"sz\": null,\n            \"szCs\": null,\n            \"color\": null,\n            \"highlight\": null,\n            \"underline\": null,\n            \"bold\": null,\n            \"boldCs\": null,\n            \"italic\": null,\n            \"italicCs\": null,\n            \"vanish\": null\n          },\n          \"style\": \"Normal\",\n          \"numberingProperty\": null,\n          \"alignment\": null,\n          \"indent\": null\n        }\n      }\n    ]\n  },\n  \"document\": {\n    \"children\": [\n      {\n        \"type\": \"paragraph\",\n        \"data\": {\n          \"children\": [\n            {\n              \"type\": \"run\",\n              \"data\": {\n                \"runProperty\": {\n                  \"sz\": null,\n                  \"szCs\": null,\n                  \"color\": null,\n                  \"highlight\": null,\n                  \"underline\": null,\n                  \"bold\": null,\n                  \"boldCs\": null,\n                  \"italic\": null,\n                  \"italicCs\": null,\n                  \"vanish\": null\n                },\n                \"children\": [\n                  {\n                    \"type\": \"text\",\n                    \"data\": {\n                      \"preserveSpace\": true,\n                      \"text\": \"Hello World\"\n                    }\n                  }\n                ]\n              }\n            }\n          ],\n          \"property\": {\n            \"runProperty\": {\n              \"sz\": null,\n              \"szCs\": null,\n              \"color\": null,\n              \"highlight\": null,\n              \"underline\": null,\n              \"bold\": null,\n              \"boldCs\": null,\n              \"italic\": null,\n              \"italicCs\": null,\n              \"vanish\": null\n            },\n            \"style\": \"Normal\",\n            \"numberingProperty\": null,\n            \"alignment\": null,\n            \"indent\": null\n          },\n          \"hasNumbering\": false,\n          \"attrs\": []\n        }\n      }\n    ],\n    \"sectionProperty\": {\n      \"pageSize\": {\n        \"w\": 11906,\n        \"h\": 16838\n      },\n      \"pageMargin\": {\n        \"top\": 1985,\n        \"left\": 1701,\n        \"bottom\": 1701,\n        \"right\": 1701,\n        \"header\": 851,\n        \"footer\": 992,\n        \"gutter\": 0\n      },\n      \"columns\": 425,\n      \"documentGrid\": 360\n    },\n    \"hasNumbering\": false\n  },\n  \"comments\": {\n    \"comments\": []\n  },\n  \"numberings\": {\n    \"abstractNums\": [\n      {\n        \"id\": 0,\n        \"styleLink\": null,\n        \"numStyleLink\": null,\n        \"levels\": [\n          {\n            \"level\": 0,\n            \"start\": 1,\n            \"format\": \"bullet\",\n            \"text\": \"●\",\n            \"jc\": \"left\",\n            \"pstyle\": null,\n            \"paragraphProperty\": {\n              \"runProperty\": {\n                \"sz\": null,\n                \"szCs\": null,\n                \"color\": null,\n                \"highlight\": null,\n                \"underline\": null,\n                \"bold\": null,\n                \"boldCs\": null,\n                \"italic\": null,\n                \"italicCs\": null,\n                \"vanish\": null\n              },\n              \"style\": \"Normal\",\n              \"numberingProperty\": null,\n              \"alignment\": null,\n              \"indent\": {\n                \"start\": 720,\n                \"startChars\": null,\n                \"end\": null,\n                \"specialIndent\": {\n                  \"type\": \"hanging\",\n                  \"val\": 360\n                }\n              }\n            }\n          },\n          {\n            \"level\": 1,\n            \"start\": 1,\n            \"format\": \"bullet\",\n            \"text\": \"○\",\n            \"jc\": \"left\",\n            \"pstyle\": null,\n            \"paragraphProperty\": {\n              \"runProperty\": {\n                \"sz\": null,\n                \"szCs\": null,\n                \"color\": null,\n                \"highlight\": null,\n                \"underline\": null,\n                \"bold\": null,\n                \"boldCs\": null,\n                \"italic\": null,\n                \"italicCs\": null,\n                \"vanish\": null\n              },\n              \"style\": \"Normal\",\n              \"numberingProperty\": null,\n              \"alignment\": null,\n              \"indent\": {\n                \"start\": 1440,\n                \"startChars\": null,\n                \"end\": null,\n                \"specialIndent\": {\n                  \"type\": \"hanging\",\n                  \"val\": 360\n                }\n              }\n            }\n          },\n          {\n            \"level\": 2,\n            \"start\": 1,\n            \"format\": \"bullet\",\n            \"text\": \"■\",\n            \"jc\": \"left\",\n            \"pstyle\": null,\n            \"paragraphProperty\": {\n              \"runProperty\": {\n                \"sz\": null,\n                \"szCs\": null,\n                \"color\": null,\n                \"highlight\": null,\n                \"underline\": null,\n                \"bold\": null,\n                \"boldCs\": null,\n                \"italic\": null,\n                \"italicCs\": null,\n                \"vanish\": null\n              },\n              \"style\": \"Normal\",\n              \"numberingProperty\": null,\n              \"alignment\": null,\n              \"indent\": {\n                \"start\": 2160,\n                \"startChars\": null,\n                \"end\": null,\n                \"specialIndent\": {\n                  \"type\": \"hanging\",\n                  \"val\": 360\n                }\n              }\n            }\n          },\n          {\n            \"level\": 3,\n            \"start\": 1,\n            \"format\": \"bullet\",\n            \"text\": \"●\",\n            \"jc\": \"left\",\n            \"pstyle\": null,\n            \"paragraphProperty\": {\n              \"runProperty\": {\n                \"sz\": null,\n                \"szCs\": null,\n                \"color\": null,\n                \"highlight\": null,\n                \"underline\": null,\n                \"bold\": null,\n                \"boldCs\": null,\n                \"italic\": null,\n                \"italicCs\": null,\n                \"vanish\": null\n              },\n              \"style\": \"Normal\",\n              \"numberingProperty\": null,\n              \"alignment\": null,\n              \"indent\": {\n                \"start\": 2880,\n                \"startChars\": null,\n                \"end\": null,\n                \"specialIndent\": {\n                  \"type\": \"hanging\",\n                  \"val\": 360\n                }\n              }\n            }\n          },\n          {\n            \"level\": 4,\n            \"start\": 1,\n            \"format\": \"bullet\",\n            \"text\": \"○\",\n            \"jc\": \"left\",\n            \"pstyle\": null,\n            \"paragraphProperty\": {\n              \"runProperty\": {\n                \"sz\": null,\n                \"szCs\": null,\n                \"color\": null,\n                \"highlight\": null,\n                \"underline\": null,\n                \"bold\": null,\n                \"boldCs\": null,\n                \"italic\": null,\n                \"italicCs\": null,\n                \"vanish\": null\n              },\n              \"style\": \"Normal\",\n              \"numberingProperty\": null,\n              \"alignment\": null,\n              \"indent\": {\n                \"start\": 3600,\n                \"startChars\": null,\n                \"end\": null,\n                \"specialIndent\": {\n                  \"type\": \"hanging\",\n                  \"val\": 360\n                }\n              }\n            }\n          },\n          {\n            \"level\": 5,\n            \"start\": 1,\n            \"format\": \"bullet\",\n            \"text\": \"■\",\n            \"jc\": \"left\",\n            \"pstyle\": null,\n            \"paragraphProperty\": {\n              \"runProperty\": {\n                \"sz\": null,\n                \"szCs\": null,\n                \"color\": null,\n                \"highlight\": null,\n                \"underline\": null,\n                \"bold\": null,\n                \"boldCs\": null,\n                \"italic\": null,\n                \"italicCs\": null,\n                \"vanish\": null\n              },\n              \"style\": \"Normal\",\n              \"numberingProperty\": null,\n              \"alignment\": null,\n              \"indent\": {\n                \"start\": 4320,\n                \"startChars\": null,\n                \"end\": null,\n                \"specialIndent\": {\n                  \"type\": \"hanging\",\n                  \"val\": 360\n                }\n              }\n            }\n          },\n          {\n            \"level\": 6,\n            \"start\": 1,\n            \"format\": \"bullet\",\n            \"text\": \"●\",\n            \"jc\": \"left\",\n            \"pstyle\": null,\n            \"paragraphProperty\": {\n              \"runProperty\": {\n                \"sz\": null,\n                \"szCs\": null,\n                \"color\": null,\n                \"highlight\": null,\n                \"underline\": null,\n                \"bold\": null,\n                \"boldCs\": null,\n                \"italic\": null,\n                \"italicCs\": null,\n                \"vanish\": null\n              },\n              \"style\": \"Normal\",\n              \"numberingProperty\": null,\n              \"alignment\": null,\n              \"indent\": {\n                \"start\": 5040,\n                \"startChars\": null,\n                \"end\": null,\n                \"specialIndent\": {\n                  \"type\": \"hanging\",\n                  \"val\": 360\n                }\n              }\n            }\n          },\n          {\n            \"level\": 7,\n            \"start\": 1,\n            \"format\": \"bullet\",\n            \"text\": \"○\",\n            \"jc\": \"left\",\n            \"pstyle\": null,\n            \"paragraphProperty\": {\n              \"runProperty\": {\n                \"sz\": null,\n                \"szCs\": null,\n                \"color\": null,\n                \"highlight\": null,\n                \"underline\": null,\n                \"bold\": null,\n                \"boldCs\": null,\n                \"italic\": null,\n                \"italicCs\": null,\n                \"vanish\": null\n              },\n              \"style\": \"Normal\",\n              \"numberingProperty\": null,\n              \"alignment\": null,\n              \"indent\": {\n                \"start\": 5760,\n                \"startChars\": null,\n                \"end\": null,\n                \"specialIndent\": {\n                  \"type\": \"hanging\",\n                  \"val\": 360\n                }\n              }\n            }\n          },\n          {\n            \"level\": 8,\n            \"start\": 1,\n            \"format\": \"bullet\",\n            \"text\": \"■\",\n            \"jc\": \"left\",\n            \"pstyle\": null,\n            \"paragraphProperty\": {\n              \"runProperty\": {\n                \"sz\": null,\n                \"szCs\": null,\n                \"color\": null,\n                \"highlight\": null,\n                \"underline\": null,\n                \"bold\": null,\n                \"boldCs\": null,\n                \"italic\": null,\n                \"italicCs\": null,\n                \"vanish\": null\n              },\n              \"style\": \"Normal\",\n              \"numberingProperty\": null,\n              \"alignment\": null,\n              \"indent\": {\n                \"start\": 6480,\n                \"startChars\": null,\n                \"end\": null,\n                \"specialIndent\": {\n                  \"type\": \"hanging\",\n                  \"val\": 360\n                }\n              }\n            }\n          }\n        ]\n      }\n    ],\n    \"numberings\": [\n      {\n        \"id\": 1,\n        \"abstractNumId\": 0\n      }\n    ]\n  },\n  \"settings\": {\n    \"defaultTabStop\": 709,\n    \"zoom\": 100\n  },\n  \"fontTable\": {}\n}"
