---
source: docx-core/tests/reader.rs
expression: "&json"
---
"{\n  \"contentType\": {\n    \"types\": {\n      \"/_rels/.rels\": \"application/vnd.openxmlformats-package.relationships+xml\",\n      \"/docProps/app.xml\": \"application/vnd.openxmlformats-officedocument.extended-properties+xml\",\n      \"/docProps/core.xml\": \"application/vnd.openxmlformats-package.core-properties+xml\",\n      \"/word/_rels/document.xml.rels\": \"application/vnd.openxmlformats-package.relationships+xml\",\n      \"/word/comments.xml\": \"application/vnd.openxmlformats-officedocument.wordprocessingml.comments+xml\",\n      \"/word/commentsExtended.xml\": \"application/vnd.openxmlformats-officedocument.wordprocessingml.commentsExtended+xml\",\n      \"/word/document.xml\": \"application/vnd.openxmlformats-officedocument.wordprocessingml.document.main+xml\",\n      \"/word/fontTable.xml\": \"application/vnd.openxmlformats-officedocument.wordprocessingml.fontTable+xml\",\n      \"/word/header1.xml\": \"application/vnd.openxmlformats-officedocument.wordprocessingml.header+xml\",\n      \"/word/numbering.xml\": \"application/vnd.openxmlformats-officedocument.wordprocessingml.numbering+xml\",\n      \"/word/settings.xml\": \"application/vnd.openxmlformats-officedocument.wordprocessingml.settings+xml\",\n      \"/word/styles.xml\": \"application/vnd.openxmlformats-officedocument.wordprocessingml.styles+xml\"\n    }\n  },\n  \"rels\": {\n    \"rels\": [\n      [\n        \"http://schemas.openxmlformats.org/package/2006/relationships/metadata/core-properties\",\n        \"rId1\",\n        \"docProps/core.xml\"\n      ],\n      [\n        \"http://schemas.openxmlformats.org/officeDocument/2006/relationships/extended-properties\",\n        \"rId2\",\n        \"docProps/app.xml\"\n      ],\n      [\n        \"http://schemas.openxmlformats.org/officeDocument/2006/relationships/officeDocument\",\n        \"rId3\",\n        \"word/document.xml\"\n      ]\n    ]\n  },\n  \"documentRels\": {\n    \"hasComments\": false,\n    \"hasNumberings\": false,\n    \"imageIds\": []\n  },\n  \"docProps\": {\n    \"app\": {},\n    \"core\": {\n      \"config\": {\n        \"created\": null,\n        \"creator\": null,\n        \"description\": null,\n        \"language\": null,\n        \"lastModifiedBy\": null,\n        \"modified\": null,\n        \"revision\": null,\n        \"subject\": null,\n        \"title\": null\n      }\n    }\n  },\n  \"styles\": {\n    \"docDefaults\": {\n      \"runPropertyDefault\": {\n        \"runProperty\": {\n          \"sz\": 21,\n          \"szCs\": 21,\n          \"color\": null,\n          \"highlight\": null,\n          \"vertAlign\": null,\n          \"underline\": null,\n          \"bold\": null,\n          \"boldCs\": null,\n          \"italic\": null,\n          \"italicCs\": null,\n          \"vanish\": null,\n          \"spacing\": null,\n          \"fonts\": null,\n          \"textBorder\": null,\n          \"del\": null,\n          \"ins\": null\n        }\n      }\n    },\n    \"styles\": [\n      {\n        \"styleId\": \"Normal\",\n        \"name\": \"Normal\",\n        \"styleType\": \"paragraph\",\n        \"runProperty\": {\n          \"sz\": null,\n          \"szCs\": null,\n          \"color\": null,\n          \"highlight\": null,\n          \"vertAlign\": null,\n          \"underline\": null,\n          \"bold\": null,\n          \"boldCs\": null,\n          \"italic\": null,\n          \"italicCs\": null,\n          \"vanish\": null,\n          \"spacing\": null,\n          \"fonts\": null,\n          \"textBorder\": null,\n          \"del\": null,\n          \"ins\": null\n        },\n        \"paragraphProperty\": {\n          \"runProperty\": {\n            \"sz\": null,\n            \"szCs\": null,\n            \"color\": null,\n            \"highlight\": null,\n            \"vertAlign\": null,\n            \"underline\": null,\n            \"bold\": null,\n            \"boldCs\": null,\n            \"italic\": null,\n            \"italicCs\": null,\n            \"vanish\": null,\n            \"spacing\": null,\n            \"fonts\": null,\n            \"textBorder\": null,\n            \"del\": null,\n            \"ins\": null\n          },\n          \"style\": null,\n          \"numberingProperty\": null,\n          \"alignment\": \"both\",\n          \"indent\": null,\n          \"lineHeight\": null,\n          \"keepNext\": false,\n          \"keepLines\": false,\n          \"pageBreakBefore\": false,\n          \"windowControl\": false,\n          \"divId\": null\n        },\n        \"tableProperty\": {\n          \"width\": {\n            \"width\": 0,\n            \"widthType\": \"Auto\"\n          },\n          \"justification\": \"left\",\n          \"borders\": {\n            \"top\": {\n              \"borderType\": \"single\",\n              \"size\": 2,\n              \"color\": \"000000\",\n              \"position\": \"top\",\n              \"space\": 0\n            },\n            \"left\": {\n              \"borderType\": \"single\",\n              \"size\": 2,\n              \"color\": \"000000\",\n              \"position\": \"left\",\n              \"space\": 0\n            },\n            \"bottom\": {\n              \"borderType\": \"single\",\n              \"size\": 2,\n              \"color\": \"000000\",\n              \"position\": \"bottom\",\n              \"space\": 0\n            },\n            \"right\": {\n              \"borderType\": \"single\",\n              \"size\": 2,\n              \"color\": \"000000\",\n              \"position\": \"right\",\n              \"space\": 0\n            },\n            \"insideH\": {\n              \"borderType\": \"single\",\n              \"size\": 2,\n              \"color\": \"000000\",\n              \"position\": \"insideH\",\n              \"space\": 0\n            },\n            \"insideV\": {\n              \"borderType\": \"single\",\n              \"size\": 2,\n              \"color\": \"000000\",\n              \"position\": \"insideV\",\n              \"space\": 0\n            }\n          },\n          \"margins\": {\n            \"top\": {\n              \"val\": 0,\n              \"widthType\": \"DXA\"\n            },\n            \"left\": {\n              \"val\": 55,\n              \"widthType\": \"DXA\"\n            },\n            \"bottom\": {\n              \"val\": 0,\n              \"widthType\": \"DXA\"\n            },\n            \"right\": {\n              \"val\": 55,\n              \"widthType\": \"DXA\"\n            }\n          },\n          \"indent\": null,\n          \"style\": null,\n          \"layout\": null\n        },\n        \"tableCellProperty\": {\n          \"width\": null,\n          \"borders\": null,\n          \"gridSpan\": null,\n          \"verticalMerge\": null,\n          \"verticalAlign\": null,\n          \"textDirection\": null,\n          \"shading\": null\n        },\n        \"basedOn\": null\n      },\n      {\n        \"styleId\": \"DefaultParagraphFont\",\n        \"name\": \"Default Paragraph Font\",\n        \"styleType\": \"character\",\n        \"runProperty\": {\n          \"sz\": null,\n          \"szCs\": null,\n          \"color\": null,\n          \"highlight\": null,\n          \"vertAlign\": null,\n          \"underline\": null,\n          \"bold\": null,\n          \"boldCs\": null,\n          \"italic\": null,\n          \"italicCs\": null,\n          \"vanish\": null,\n          \"spacing\": null,\n          \"fonts\": null,\n          \"textBorder\": null,\n          \"del\": null,\n          \"ins\": null\n        },\n        \"paragraphProperty\": {\n          \"runProperty\": {\n            \"sz\": null,\n            \"szCs\": null,\n            \"color\": null,\n            \"highlight\": null,\n            \"vertAlign\": null,\n            \"underline\": null,\n            \"bold\": null,\n            \"boldCs\": null,\n            \"italic\": null,\n            \"italicCs\": null,\n            \"vanish\": null,\n            \"spacing\": null,\n            \"fonts\": null,\n            \"textBorder\": null,\n            \"del\": null,\n            \"ins\": null\n          },\n          \"style\": null,\n          \"numberingProperty\": null,\n          \"alignment\": null,\n          \"indent\": null,\n          \"lineHeight\": null,\n          \"keepNext\": false,\n          \"keepLines\": false,\n          \"pageBreakBefore\": false,\n          \"windowControl\": false,\n          \"divId\": null\n        },\n        \"tableProperty\": {\n          \"width\": {\n            \"width\": 0,\n            \"widthType\": \"Auto\"\n          },\n          \"justification\": \"left\",\n          \"borders\": {\n            \"top\": {\n              \"borderType\": \"single\",\n              \"size\": 2,\n              \"color\": \"000000\",\n              \"position\": \"top\",\n              \"space\": 0\n            },\n            \"left\": {\n              \"borderType\": \"single\",\n              \"size\": 2,\n              \"color\": \"000000\",\n              \"position\": \"left\",\n              \"space\": 0\n            },\n            \"bottom\": {\n              \"borderType\": \"single\",\n              \"size\": 2,\n              \"color\": \"000000\",\n              \"position\": \"bottom\",\n              \"space\": 0\n            },\n            \"right\": {\n              \"borderType\": \"single\",\n              \"size\": 2,\n              \"color\": \"000000\",\n              \"position\": \"right\",\n              \"space\": 0\n            },\n            \"insideH\": {\n              \"borderType\": \"single\",\n              \"size\": 2,\n              \"color\": \"000000\",\n              \"position\": \"insideH\",\n              \"space\": 0\n            },\n            \"insideV\": {\n              \"borderType\": \"single\",\n              \"size\": 2,\n              \"color\": \"000000\",\n              \"position\": \"insideV\",\n              \"space\": 0\n            }\n          },\n          \"margins\": {\n            \"top\": {\n              \"val\": 0,\n              \"widthType\": \"DXA\"\n            },\n            \"left\": {\n              \"val\": 55,\n              \"widthType\": \"DXA\"\n            },\n            \"bottom\": {\n              \"val\": 0,\n              \"widthType\": \"DXA\"\n            },\n            \"right\": {\n              \"val\": 55,\n              \"widthType\": \"DXA\"\n            }\n          },\n          \"indent\": null,\n          \"style\": null,\n          \"layout\": null\n        },\n        \"tableCellProperty\": {\n          \"width\": null,\n          \"borders\": null,\n          \"gridSpan\": null,\n          \"verticalMerge\": null,\n          \"verticalAlign\": null,\n          \"textDirection\": null,\n          \"shading\": null\n        },\n        \"basedOn\": null\n      },\n      {\n        \"styleId\": \"TableNormal\",\n        \"name\": \"Normal Table\",\n        \"styleType\": \"table\",\n        \"runProperty\": {\n          \"sz\": null,\n          \"szCs\": null,\n          \"color\": null,\n          \"highlight\": null,\n          \"vertAlign\": null,\n          \"underline\": null,\n          \"bold\": null,\n          \"boldCs\": null,\n          \"italic\": null,\n          \"italicCs\": null,\n          \"vanish\": null,\n          \"spacing\": null,\n          \"fonts\": null,\n          \"textBorder\": null,\n          \"del\": null,\n          \"ins\": null\n        },\n        \"paragraphProperty\": {\n          \"runProperty\": {\n            \"sz\": null,\n            \"szCs\": null,\n            \"color\": null,\n            \"highlight\": null,\n            \"vertAlign\": null,\n            \"underline\": null,\n            \"bold\": null,\n            \"boldCs\": null,\n            \"italic\": null,\n            \"italicCs\": null,\n            \"vanish\": null,\n            \"spacing\": null,\n            \"fonts\": null,\n            \"textBorder\": null,\n            \"del\": null,\n            \"ins\": null\n          },\n          \"style\": null,\n          \"numberingProperty\": null,\n          \"alignment\": null,\n          \"indent\": null,\n          \"lineHeight\": null,\n          \"keepNext\": false,\n          \"keepLines\": false,\n          \"pageBreakBefore\": false,\n          \"windowControl\": false,\n          \"divId\": null\n        },\n        \"tableProperty\": {\n          \"width\": {\n            \"width\": 0,\n            \"widthType\": \"Auto\"\n          },\n          \"justification\": \"left\",\n          \"borders\": {\n            \"top\": null,\n            \"left\": null,\n            \"bottom\": null,\n            \"right\": null,\n            \"insideH\": null,\n            \"insideV\": null\n          },\n          \"margins\": {\n            \"top\": {\n              \"val\": 0,\n              \"widthType\": \"DXA\"\n            },\n            \"left\": {\n              \"val\": 55,\n              \"widthType\": \"DXA\"\n            },\n            \"bottom\": {\n              \"val\": 0,\n              \"widthType\": \"DXA\"\n            },\n            \"right\": {\n              \"val\": 55,\n              \"widthType\": \"DXA\"\n            }\n          },\n          \"indent\": null,\n          \"style\": null,\n          \"layout\": null\n        },\n        \"tableCellProperty\": {\n          \"width\": null,\n          \"borders\": null,\n          \"gridSpan\": null,\n          \"verticalMerge\": null,\n          \"verticalAlign\": null,\n          \"textDirection\": null,\n          \"shading\": null\n        },\n        \"basedOn\": null\n      },\n      {\n        \"styleId\": \"NoList\",\n        \"name\": \"No List\",\n        \"styleType\": \"numbering\",\n        \"runProperty\": {\n          \"sz\": null,\n          \"szCs\": null,\n          \"color\": null,\n          \"highlight\": null,\n          \"vertAlign\": null,\n          \"underline\": null,\n          \"bold\": null,\n          \"boldCs\": null,\n          \"italic\": null,\n          \"italicCs\": null,\n          \"vanish\": null,\n          \"spacing\": null,\n          \"fonts\": null,\n          \"textBorder\": null,\n          \"del\": null,\n          \"ins\": null\n        },\n        \"paragraphProperty\": {\n          \"runProperty\": {\n            \"sz\": null,\n            \"szCs\": null,\n            \"color\": null,\n            \"highlight\": null,\n            \"vertAlign\": null,\n            \"underline\": null,\n            \"bold\": null,\n            \"boldCs\": null,\n            \"italic\": null,\n            \"italicCs\": null,\n            \"vanish\": null,\n            \"spacing\": null,\n            \"fonts\": null,\n            \"textBorder\": null,\n            \"del\": null,\n            \"ins\": null\n          },\n          \"style\": null,\n          \"numberingProperty\": null,\n          \"alignment\": null,\n          \"indent\": null,\n          \"lineHeight\": null,\n          \"keepNext\": false,\n          \"keepLines\": false,\n          \"pageBreakBefore\": false,\n          \"windowControl\": false,\n          \"divId\": null\n        },\n        \"tableProperty\": {\n          \"width\": {\n            \"width\": 0,\n            \"widthType\": \"Auto\"\n          },\n          \"justification\": \"left\",\n          \"borders\": {\n            \"top\": {\n              \"borderType\": \"single\",\n              \"size\": 2,\n              \"color\": \"000000\",\n              \"position\": \"top\",\n              \"space\": 0\n            },\n            \"left\": {\n              \"borderType\": \"single\",\n              \"size\": 2,\n              \"color\": \"000000\",\n              \"position\": \"left\",\n              \"space\": 0\n            },\n            \"bottom\": {\n              \"borderType\": \"single\",\n              \"size\": 2,\n              \"color\": \"000000\",\n              \"position\": \"bottom\",\n              \"space\": 0\n            },\n            \"right\": {\n              \"borderType\": \"single\",\n              \"size\": 2,\n              \"color\": \"000000\",\n              \"position\": \"right\",\n              \"space\": 0\n            },\n            \"insideH\": {\n              \"borderType\": \"single\",\n              \"size\": 2,\n              \"color\": \"000000\",\n              \"position\": \"insideH\",\n              \"space\": 0\n            },\n            \"insideV\": {\n              \"borderType\": \"single\",\n              \"size\": 2,\n              \"color\": \"000000\",\n              \"position\": \"insideV\",\n              \"space\": 0\n            }\n          },\n          \"margins\": {\n            \"top\": {\n              \"val\": 0,\n              \"widthType\": \"DXA\"\n            },\n            \"left\": {\n              \"val\": 55,\n              \"widthType\": \"DXA\"\n            },\n            \"bottom\": {\n              \"val\": 0,\n              \"widthType\": \"DXA\"\n            },\n            \"right\": {\n              \"val\": 55,\n              \"widthType\": \"DXA\"\n            }\n          },\n          \"indent\": null,\n          \"style\": null,\n          \"layout\": null\n        },\n        \"tableCellProperty\": {\n          \"width\": null,\n          \"borders\": null,\n          \"gridSpan\": null,\n          \"verticalMerge\": null,\n          \"verticalAlign\": null,\n          \"textDirection\": null,\n          \"shading\": null\n        },\n        \"basedOn\": null\n      }\n    ]\n  },\n  \"document\": {\n    \"children\": [\n      {\n        \"type\": \"paragraph\",\n        \"data\": {\n          \"id\": \"5231A740\",\n          \"children\": [],\n          \"property\": {\n            \"runProperty\": {\n              \"sz\": null,\n              \"szCs\": null,\n              \"color\": null,\n              \"highlight\": null,\n              \"vertAlign\": null,\n              \"underline\": null,\n              \"bold\": null,\n              \"boldCs\": null,\n              \"italic\": null,\n              \"italicCs\": null,\n              \"vanish\": null,\n              \"spacing\": null,\n              \"fonts\": null,\n              \"textBorder\": null,\n              \"del\": null,\n              \"ins\": null\n            },\n            \"style\": \"Normal\",\n            \"numberingProperty\": null,\n            \"alignment\": null,\n            \"indent\": {\n              \"start\": 0,\n              \"startChars\": null,\n              \"end\": null,\n              \"specialIndent\": null,\n              \"hangingChars\": null,\n              \"firstLineChars\": null\n            },\n            \"lineHeight\": null,\n            \"keepNext\": false,\n            \"keepLines\": false,\n            \"pageBreakBefore\": false,\n            \"windowControl\": false,\n            \"divId\": null\n          },\n          \"hasNumbering\": false\n        }\n      },\n      {\n        \"type\": \"paragraph\",\n        \"data\": {\n          \"id\": \"6DA0584E\",\n          \"children\": [\n            {\n              \"type\": \"run\",\n              \"data\": {\n                \"runProperty\": {\n                  \"sz\": 22,\n                  \"szCs\": 22,\n                  \"color\": \"222222\",\n                  \"highlight\": null,\n                  \"vertAlign\": null,\n                  \"underline\": null,\n                  \"bold\": null,\n                  \"boldCs\": null,\n                  \"italic\": null,\n                  \"italicCs\": null,\n                  \"vanish\": null,\n                  \"spacing\": null,\n                  \"fonts\": null,\n                  \"textBorder\": null,\n                  \"del\": null,\n                  \"ins\": null\n                },\n                \"children\": [\n                  {\n                    \"type\": \"text\",\n                    \"data\": {\n                      \"preserveSpace\": true,\n                      \"text\": \"Lorem ipsum dolor sit amet, consectetur adipiscing elit, sed do eiusmod tempor incididunt ut labore et dolore magna aliqua.\"\n                    }\n                  }\n                ]\n              }\n            }\n          ],\n          \"property\": {\n            \"runProperty\": {\n              \"sz\": null,\n              \"szCs\": null,\n              \"color\": null,\n              \"highlight\": null,\n              \"vertAlign\": null,\n              \"underline\": null,\n              \"bold\": null,\n              \"boldCs\": null,\n              \"italic\": null,\n              \"italicCs\": null,\n              \"vanish\": null,\n              \"spacing\": null,\n              \"fonts\": null,\n              \"textBorder\": null,\n              \"del\": null,\n              \"ins\": null\n            },\n            \"style\": \"Normal\",\n            \"numberingProperty\": null,\n            \"alignment\": null,\n            \"indent\": {\n              \"start\": 840,\n              \"startChars\": null,\n              \"end\": null,\n              \"specialIndent\": {\n                \"type\": \"firstLine\",\n                \"val\": 0\n              },\n              \"hangingChars\": null,\n              \"firstLineChars\": null\n            },\n            \"lineHeight\": null,\n            \"keepNext\": false,\n            \"keepLines\": false,\n            \"pageBreakBefore\": false,\n            \"windowControl\": false,\n            \"divId\": null\n          },\n          \"hasNumbering\": false\n        }\n      },\n      {\n        \"type\": \"paragraph\",\n        \"data\": {\n          \"id\": \"448AC37F\",\n          \"children\": [],\n          \"property\": {\n            \"runProperty\": {\n              \"sz\": null,\n              \"szCs\": null,\n              \"color\": null,\n              \"highlight\": null,\n              \"vertAlign\": null,\n              \"underline\": null,\n              \"bold\": null,\n              \"boldCs\": null,\n              \"italic\": null,\n              \"italicCs\": null,\n              \"vanish\": null,\n              \"spacing\": null,\n              \"fonts\": null,\n              \"textBorder\": null,\n              \"del\": null,\n              \"ins\": null\n            },\n            \"style\": \"Normal\",\n            \"numberingProperty\": null,\n            \"alignment\": null,\n            \"indent\": {\n              \"start\": 0,\n              \"startChars\": null,\n              \"end\": null,\n              \"specialIndent\": null,\n              \"hangingChars\": null,\n              \"firstLineChars\": null\n            },\n            \"lineHeight\": null,\n            \"keepNext\": false,\n            \"keepLines\": false,\n            \"pageBreakBefore\": false,\n            \"windowControl\": false,\n            \"divId\": null\n          },\n          \"hasNumbering\": false\n        }\n      },\n      {\n        \"type\": \"paragraph\",\n        \"data\": {\n          \"id\": \"015A501D\",\n          \"children\": [\n            {\n              \"type\": \"run\",\n              \"data\": {\n                \"runProperty\": {\n                  \"sz\": 22,\n                  \"szCs\": 22,\n                  \"color\": \"222222\",\n                  \"highlight\": null,\n                  \"vertAlign\": null,\n                  \"underline\": null,\n                  \"bold\": null,\n                  \"boldCs\": null,\n                  \"italic\": null,\n                  \"italicCs\": null,\n                  \"vanish\": null,\n                  \"spacing\": null,\n                  \"fonts\": null,\n                  \"textBorder\": null,\n                  \"del\": null,\n                  \"ins\": null\n                },\n                \"children\": [\n                  {\n                    \"type\": \"text\",\n                    \"data\": {\n                      \"preserveSpace\": true,\n                      \"text\": \"Lorem ipsum dolor sit amet, consectetur adipiscing elit, sed do eiusmod tempor incididunt ut labore et dolore magna aliqua.\"\n                    }\n                  }\n                ]\n              }\n            }\n          ],\n          \"property\": {\n            \"runProperty\": {\n              \"sz\": null,\n              \"szCs\": null,\n              \"color\": null,\n              \"highlight\": null,\n              \"vertAlign\": null,\n              \"underline\": null,\n              \"bold\": null,\n              \"boldCs\": null,\n              \"italic\": null,\n              \"italicCs\": null,\n              \"vanish\": null,\n              \"spacing\": null,\n              \"fonts\": null,\n              \"textBorder\": null,\n              \"del\": null,\n              \"ins\": null\n            },\n            \"style\": \"Normal\",\n            \"numberingProperty\": null,\n            \"alignment\": null,\n            \"indent\": {\n              \"start\": 840,\n              \"startChars\": null,\n              \"end\": null,\n              \"specialIndent\": {\n                \"type\": \"firstLine\",\n                \"val\": 720\n              },\n              \"hangingChars\": null,\n              \"firstLineChars\": null\n            },\n            \"lineHeight\": null,\n            \"keepNext\": false,\n            \"keepLines\": false,\n            \"pageBreakBefore\": false,\n            \"windowControl\": false,\n            \"divId\": null\n          },\n          \"hasNumbering\": false\n        }\n      },\n      {\n        \"type\": \"paragraph\",\n        \"data\": {\n          \"id\": \"564F799D\",\n          \"children\": [],\n          \"property\": {\n            \"runProperty\": {\n              \"sz\": null,\n              \"szCs\": null,\n              \"color\": null,\n              \"highlight\": null,\n              \"vertAlign\": null,\n              \"underline\": null,\n              \"bold\": null,\n              \"boldCs\": null,\n              \"italic\": null,\n              \"italicCs\": null,\n              \"vanish\": null,\n              \"spacing\": null,\n              \"fonts\": null,\n              \"textBorder\": null,\n              \"del\": null,\n              \"ins\": null\n            },\n            \"style\": \"Normal\",\n            \"numberingProperty\": null,\n            \"alignment\": null,\n            \"indent\": {\n              \"start\": 840,\n              \"startChars\": null,\n              \"end\": null,\n              \"specialIndent\": {\n                \"type\": \"firstLine\",\n                \"val\": 720\n              },\n              \"hangingChars\": null,\n              \"firstLineChars\": null\n            },\n            \"lineHeight\": null,\n            \"keepNext\": false,\n            \"keepLines\": false,\n            \"pageBreakBefore\": false,\n            \"windowControl\": false,\n            \"divId\": null\n          },\n          \"hasNumbering\": false\n        }\n      },\n      {\n        \"type\": \"paragraph\",\n        \"data\": {\n          \"id\": \"640CFBC2\",\n          \"children\": [],\n          \"property\": {\n            \"runProperty\": {\n              \"sz\": 21,\n              \"szCs\": 21,\n              \"color\": null,\n              \"highlight\": null,\n              \"vertAlign\": null,\n              \"underline\": null,\n              \"bold\": null,\n              \"boldCs\": null,\n              \"italic\": null,\n              \"italicCs\": null,\n              \"vanish\": null,\n              \"spacing\": null,\n              \"fonts\": null,\n              \"textBorder\": null,\n              \"del\": null,\n              \"ins\": null\n            },\n            \"style\": \"Normal\",\n            \"numberingProperty\": null,\n            \"alignment\": null,\n            \"indent\": null,\n            \"lineHeight\": null,\n            \"keepNext\": false,\n            \"keepLines\": false,\n            \"pageBreakBefore\": false,\n            \"windowControl\": false,\n            \"divId\": null\n          },\n          \"hasNumbering\": false\n        }\n      },\n      {\n        \"type\": \"paragraph\",\n        \"data\": {\n          \"id\": \"4C665373\",\n          \"children\": [\n            {\n              \"type\": \"run\",\n              \"data\": {\n                \"runProperty\": {\n                  \"sz\": 21,\n                  \"szCs\": 21,\n                  \"color\": null,\n                  \"highlight\": null,\n                  \"vertAlign\": null,\n                  \"underline\": null,\n                  \"bold\": null,\n                  \"boldCs\": null,\n                  \"italic\": null,\n                  \"italicCs\": null,\n                  \"vanish\": null,\n                  \"spacing\": null,\n                  \"fonts\": null,\n                  \"textBorder\": null,\n                  \"del\": null,\n                  \"ins\": null\n                },\n                \"children\": [\n                  {\n                    \"type\": \"text\",\n                    \"data\": {\n                      \"preserveSpace\": true,\n                      \"text\": \"Lorem ipsum dolor sit amet, consectetur adipiscing elit, sed do eiusmod tempor incididunt ut labore et dolore magna aliqua.\"\n                    }\n                  }\n                ]\n              }\n            }\n          ],\n          \"property\": {\n            \"runProperty\": {\n              \"sz\": null,\n              \"szCs\": null,\n              \"color\": null,\n              \"highlight\": null,\n              \"vertAlign\": null,\n              \"underline\": null,\n              \"bold\": null,\n              \"boldCs\": null,\n              \"italic\": null,\n              \"italicCs\": null,\n              \"vanish\": null,\n              \"spacing\": null,\n              \"fonts\": null,\n              \"textBorder\": null,\n              \"del\": null,\n              \"ins\": null\n            },\n            \"style\": \"Normal\",\n            \"numberingProperty\": null,\n            \"alignment\": null,\n            \"indent\": {\n              \"start\": 1560,\n              \"startChars\": null,\n              \"end\": null,\n              \"specialIndent\": {\n                \"type\": \"hanging\",\n                \"val\": 720\n              },\n              \"hangingChars\": null,\n              \"firstLineChars\": null\n            },\n            \"lineHeight\": null,\n            \"keepNext\": false,\n            \"keepLines\": false,\n            \"pageBreakBefore\": false,\n            \"windowControl\": false,\n            \"divId\": null\n          },\n          \"hasNumbering\": false\n        }\n      }\n    ],\n    \"sectionProperty\": {\n      \"pageSize\": {\n        \"w\": 11906,\n        \"h\": 16838,\n        \"orient\": null\n      },\n      \"pageMargin\": {\n        \"top\": 1440,\n        \"left\": 1440,\n        \"bottom\": 1440,\n        \"right\": 1440,\n        \"header\": 720,\n        \"footer\": 720,\n        \"gutter\": 0\n      },\n      \"columns\": 425,\n      \"docGrid\": {\n        \"gridType\": \"lines\",\n        \"linePitch\": 360,\n        \"charSpace\": null\n      },\n      \"headerReference\": {\n        \"headerType\": \"default\",\n        \"id\": \"rId4\"\n      },\n      \"sectionType\": null\n    },\n    \"hasNumbering\": false\n  },\n  \"comments\": {\n    \"comments\": []\n  },\n  \"numberings\": {\n    \"abstractNums\": [],\n    \"numberings\": []\n  },\n  \"settings\": {\n    \"defaultTabStop\": 840,\n    \"zoom\": 100,\n    \"docId\": \"08a45a55-dfcc-4396-aedc-f7a5bfb7db65\",\n    \"docVars\": []\n  },\n  \"fontTable\": {},\n  \"media\": [],\n  \"header\": {\n    \"children\": []\n  },\n  \"commentsExtended\": {\n    \"children\": []\n  },\n  \"webSettings\": {\n    \"divs\": []\n  }\n}"
