---
source: docx-core/tests/reader.rs
expression: "&json"
---
"{\n  \"contentType\": {\n    \"types\": {\n      \"/_rels/.rels\": \"application/vnd.openxmlformats-package.relationships+xml\",\n      \"/docProps/app.xml\": \"application/vnd.openxmlformats-officedocument.extended-properties+xml\",\n      \"/docProps/core.xml\": \"application/vnd.openxmlformats-package.core-properties+xml\",\n      \"/docProps/custom.xml\": \"application/vnd.openxmlformats-officedocument.custom-properties+xml\",\n      \"/word/_rels/document.xml.rels\": \"application/vnd.openxmlformats-package.relationships+xml\",\n      \"/word/comments.xml\": \"application/vnd.openxmlformats-officedocument.wordprocessingml.comments+xml\",\n      \"/word/commentsExtended.xml\": \"application/vnd.openxmlformats-officedocument.wordprocessingml.commentsExtended+xml\",\n      \"/word/document.xml\": \"application/vnd.openxmlformats-officedocument.wordprocessingml.document.main+xml\",\n      \"/word/fontTable.xml\": \"application/vnd.openxmlformats-officedocument.wordprocessingml.fontTable+xml\",\n      \"/word/numbering.xml\": \"application/vnd.openxmlformats-officedocument.wordprocessingml.numbering+xml\",\n      \"/word/settings.xml\": \"application/vnd.openxmlformats-officedocument.wordprocessingml.settings+xml\",\n      \"/word/styles.xml\": \"application/vnd.openxmlformats-officedocument.wordprocessingml.styles+xml\"\n    },\n    \"web_extension_count\": 1,\n    \"custom_xml_count\": 1,\n    \"header_count\": 0,\n    \"footer_count\": 0\n  },\n  \"rels\": {\n    \"rels\": [\n      [\n        \"http://schemas.openxmlformats.org/package/2006/relationships/metadata/core-properties\",\n        \"rId1\",\n        \"docProps/core.xml\"\n      ],\n      [\n        \"http://schemas.openxmlformats.org/officeDocument/2006/relationships/extended-properties\",\n        \"rId2\",\n        \"docProps/app.xml\"\n      ],\n      [\n        \"http://schemas.openxmlformats.org/officeDocument/2006/relationships/officeDocument\",\n        \"rId3\",\n        \"word/document.xml\"\n      ],\n      [\n        \"http://schemas.openxmlformats.org/officeDocument/2006/relationships/custom-properties\",\n        \"rId4\",\n        \"docProps/custom.xml\"\n      ]\n    ]\n  },\n  \"documentRels\": {\n    \"hasComments\": true,\n    \"hasNumberings\": false,\n    \"images\": [],\n    \"hyperlinks\": [],\n    \"customXmlCount\": 0,\n    \"headerCount\": 0,\n    \"footerCount\": 0\n  },\n  \"docProps\": {\n    \"app\": {},\n    \"core\": {\n      \"config\": {\n        \"created\": null,\n        \"creator\": null,\n        \"description\": null,\n        \"language\": null,\n        \"lastModifiedBy\": null,\n        \"modified\": null,\n        \"revision\": null,\n        \"subject\": null,\n        \"title\": null\n      }\n    },\n    \"custom\": {\n      \"properties\": {}\n    }\n  },\n  \"styles\": {\n    \"docDefaults\": {\n      \"runPropertyDefault\": {\n        \"runProperty\": {\n          \"fonts\": {\n            \"ascii\": \"Liberation Serif\",\n            \"hiAnsi\": \"Liberation Serif\",\n            \"eastAsia\": \"Noto Sans CJK JP\",\n            \"cs\": \"Lohit Devanagari\"\n          }\n        }\n      }\n    },\n    \"styles\": [\n      {\n        \"styleId\": \"Normal\",\n        \"name\": \"Normal\",\n        \"styleType\": \"paragraph\",\n        \"runProperty\": {\n          \"sz\": 24,\n          \"szCs\": 24,\n          \"color\": \"auto\",\n          \"fonts\": {\n            \"ascii\": \"Liberation Serif\",\n            \"hiAnsi\": \"Liberation Serif\",\n            \"eastAsia\": \"Noto Sans CJK JP\",\n            \"cs\": \"Lohit Devanagari\"\n          }\n        },\n        \"paragraphProperty\": {\n          \"runProperty\": {},\n          \"alignment\": \"left\",\n          \"widowControl\": true,\n          \"tabs\": []\n        },\n        \"tableProperty\": {\n          \"width\": {\n            \"width\": 0,\n            \"widthType\": \"auto\"\n          },\n          \"justification\": \"left\",\n          \"borders\": {\n            \"top\": {\n              \"borderType\": \"single\",\n              \"size\": 2,\n              \"color\": \"000000\",\n              \"position\": \"top\",\n              \"space\": 0\n            },\n            \"left\": {\n              \"borderType\": \"single\",\n              \"size\": 2,\n              \"color\": \"000000\",\n              \"position\": \"left\",\n              \"space\": 0\n            },\n            \"bottom\": {\n              \"borderType\": \"single\",\n              \"size\": 2,\n              \"color\": \"000000\",\n              \"position\": \"bottom\",\n              \"space\": 0\n            },\n            \"right\": {\n              \"borderType\": \"single\",\n              \"size\": 2,\n              \"color\": \"000000\",\n              \"position\": \"right\",\n              \"space\": 0\n            },\n            \"insideH\": {\n              \"borderType\": \"single\",\n              \"size\": 2,\n              \"color\": \"000000\",\n              \"position\": \"insideH\",\n              \"space\": 0\n            },\n            \"insideV\": {\n              \"borderType\": \"single\",\n              \"size\": 2,\n              \"color\": \"000000\",\n              \"position\": \"insideV\",\n              \"space\": 0\n            }\n          }\n        },\n        \"tableCellProperty\": {\n          \"width\": null,\n          \"borders\": null,\n          \"gridSpan\": null,\n          \"verticalMerge\": null,\n          \"verticalAlign\": null,\n          \"textDirection\": null,\n          \"shading\": null\n        },\n        \"basedOn\": null,\n        \"next\": null\n      },\n      {\n        \"styleId\": \"Style14\",\n        \"name\": \"見出し\",\n        \"styleType\": \"paragraph\",\n        \"runProperty\": {\n          \"sz\": 28,\n          \"szCs\": 28,\n          \"fonts\": {\n            \"ascii\": \"Liberation Sans\",\n            \"hiAnsi\": \"Liberation Sans\",\n            \"eastAsia\": \"Noto Sans CJK JP\",\n            \"cs\": \"Lohit Devanagari\"\n          }\n        },\n        \"paragraphProperty\": {\n          \"runProperty\": {},\n          \"lineSpacing\": {\n            \"before\": 240,\n            \"after\": 120\n          },\n          \"keepNext\": true,\n          \"tabs\": []\n        },\n        \"tableProperty\": {\n          \"width\": {\n            \"width\": 0,\n            \"widthType\": \"auto\"\n          },\n          \"justification\": \"left\",\n          \"borders\": {\n            \"top\": {\n              \"borderType\": \"single\",\n              \"size\": 2,\n              \"color\": \"000000\",\n              \"position\": \"top\",\n              \"space\": 0\n            },\n            \"left\": {\n              \"borderType\": \"single\",\n              \"size\": 2,\n              \"color\": \"000000\",\n              \"position\": \"left\",\n              \"space\": 0\n            },\n            \"bottom\": {\n              \"borderType\": \"single\",\n              \"size\": 2,\n              \"color\": \"000000\",\n              \"position\": \"bottom\",\n              \"space\": 0\n            },\n            \"right\": {\n              \"borderType\": \"single\",\n              \"size\": 2,\n              \"color\": \"000000\",\n              \"position\": \"right\",\n              \"space\": 0\n            },\n            \"insideH\": {\n              \"borderType\": \"single\",\n              \"size\": 2,\n              \"color\": \"000000\",\n              \"position\": \"insideH\",\n              \"space\": 0\n            },\n            \"insideV\": {\n              \"borderType\": \"single\",\n              \"size\": 2,\n              \"color\": \"000000\",\n              \"position\": \"insideV\",\n              \"space\": 0\n            }\n          }\n        },\n        \"tableCellProperty\": {\n          \"width\": null,\n          \"borders\": null,\n          \"gridSpan\": null,\n          \"verticalMerge\": null,\n          \"verticalAlign\": null,\n          \"textDirection\": null,\n          \"shading\": null\n        },\n        \"basedOn\": \"Normal\",\n        \"next\": null\n      },\n      {\n        \"styleId\": \"Style15\",\n        \"name\": \"Body Text\",\n        \"styleType\": \"paragraph\",\n        \"runProperty\": {},\n        \"paragraphProperty\": {\n          \"runProperty\": {},\n          \"lineSpacing\": {\n            \"lineRule\": \"auto\",\n            \"before\": 0,\n            \"after\": 140,\n            \"line\": 276\n          },\n          \"tabs\": []\n        },\n        \"tableProperty\": {\n          \"width\": {\n            \"width\": 0,\n            \"widthType\": \"auto\"\n          },\n          \"justification\": \"left\",\n          \"borders\": {\n            \"top\": {\n              \"borderType\": \"single\",\n              \"size\": 2,\n              \"color\": \"000000\",\n              \"position\": \"top\",\n              \"space\": 0\n            },\n            \"left\": {\n              \"borderType\": \"single\",\n              \"size\": 2,\n              \"color\": \"000000\",\n              \"position\": \"left\",\n              \"space\": 0\n            },\n            \"bottom\": {\n              \"borderType\": \"single\",\n              \"size\": 2,\n              \"color\": \"000000\",\n              \"position\": \"bottom\",\n              \"space\": 0\n            },\n            \"right\": {\n              \"borderType\": \"single\",\n              \"size\": 2,\n              \"color\": \"000000\",\n              \"position\": \"right\",\n              \"space\": 0\n            },\n            \"insideH\": {\n              \"borderType\": \"single\",\n              \"size\": 2,\n              \"color\": \"000000\",\n              \"position\": \"insideH\",\n              \"space\": 0\n            },\n            \"insideV\": {\n              \"borderType\": \"single\",\n              \"size\": 2,\n              \"color\": \"000000\",\n              \"position\": \"insideV\",\n              \"space\": 0\n            }\n          }\n        },\n        \"tableCellProperty\": {\n          \"width\": null,\n          \"borders\": null,\n          \"gridSpan\": null,\n          \"verticalMerge\": null,\n          \"verticalAlign\": null,\n          \"textDirection\": null,\n          \"shading\": null\n        },\n        \"basedOn\": \"Normal\",\n        \"next\": null\n      },\n      {\n        \"styleId\": \"Style16\",\n        \"name\": \"List\",\n        \"styleType\": \"paragraph\",\n        \"runProperty\": {\n          \"fonts\": {\n            \"cs\": \"Lohit Devanagari\"\n          }\n        },\n        \"paragraphProperty\": {\n          \"runProperty\": {},\n          \"tabs\": []\n        },\n        \"tableProperty\": {\n          \"width\": {\n            \"width\": 0,\n            \"widthType\": \"auto\"\n          },\n          \"justification\": \"left\",\n          \"borders\": {\n            \"top\": {\n              \"borderType\": \"single\",\n              \"size\": 2,\n              \"color\": \"000000\",\n              \"position\": \"top\",\n              \"space\": 0\n            },\n            \"left\": {\n              \"borderType\": \"single\",\n              \"size\": 2,\n              \"color\": \"000000\",\n              \"position\": \"left\",\n              \"space\": 0\n            },\n            \"bottom\": {\n              \"borderType\": \"single\",\n              \"size\": 2,\n              \"color\": \"000000\",\n              \"position\": \"bottom\",\n              \"space\": 0\n            },\n            \"right\": {\n              \"borderType\": \"single\",\n              \"size\": 2,\n              \"color\": \"000000\",\n              \"position\": \"right\",\n              \"space\": 0\n            },\n            \"insideH\": {\n              \"borderType\": \"single\",\n              \"size\": 2,\n              \"color\": \"000000\",\n              \"position\": \"insideH\",\n              \"space\": 0\n            },\n            \"insideV\": {\n              \"borderType\": \"single\",\n              \"size\": 2,\n              \"color\": \"000000\",\n              \"position\": \"insideV\",\n              \"space\": 0\n            }\n          }\n        },\n        \"tableCellProperty\": {\n          \"width\": null,\n          \"borders\": null,\n          \"gridSpan\": null,\n          \"verticalMerge\": null,\n          \"verticalAlign\": null,\n          \"textDirection\": null,\n          \"shading\": null\n        },\n        \"basedOn\": \"Style15\",\n        \"next\": null\n      },\n      {\n        \"styleId\": \"Style17\",\n        \"name\": \"Caption\",\n        \"styleType\": \"paragraph\",\n        \"runProperty\": {\n          \"sz\": 24,\n          \"szCs\": 24,\n          \"italic\": true,\n          \"italicCs\": true,\n          \"fonts\": {\n            \"cs\": \"Lohit Devanagari\"\n          }\n        },\n        \"paragraphProperty\": {\n          \"runProperty\": {},\n          \"lineSpacing\": {\n            \"before\": 120,\n            \"after\": 120\n          },\n          \"tabs\": []\n        },\n        \"tableProperty\": {\n          \"width\": {\n            \"width\": 0,\n            \"widthType\": \"auto\"\n          },\n          \"justification\": \"left\",\n          \"borders\": {\n            \"top\": {\n              \"borderType\": \"single\",\n              \"size\": 2,\n              \"color\": \"000000\",\n              \"position\": \"top\",\n              \"space\": 0\n            },\n            \"left\": {\n              \"borderType\": \"single\",\n              \"size\": 2,\n              \"color\": \"000000\",\n              \"position\": \"left\",\n              \"space\": 0\n            },\n            \"bottom\": {\n              \"borderType\": \"single\",\n              \"size\": 2,\n              \"color\": \"000000\",\n              \"position\": \"bottom\",\n              \"space\": 0\n            },\n            \"right\": {\n              \"borderType\": \"single\",\n              \"size\": 2,\n              \"color\": \"000000\",\n              \"position\": \"right\",\n              \"space\": 0\n            },\n            \"insideH\": {\n              \"borderType\": \"single\",\n              \"size\": 2,\n              \"color\": \"000000\",\n              \"position\": \"insideH\",\n              \"space\": 0\n            },\n            \"insideV\": {\n              \"borderType\": \"single\",\n              \"size\": 2,\n              \"color\": \"000000\",\n              \"position\": \"insideV\",\n              \"space\": 0\n            }\n          }\n        },\n        \"tableCellProperty\": {\n          \"width\": null,\n          \"borders\": null,\n          \"gridSpan\": null,\n          \"verticalMerge\": null,\n          \"verticalAlign\": null,\n          \"textDirection\": null,\n          \"shading\": null\n        },\n        \"basedOn\": \"Normal\",\n        \"next\": null\n      },\n      {\n        \"styleId\": \"Style18\",\n        \"name\": \"索引\",\n        \"styleType\": \"paragraph\",\n        \"runProperty\": {\n          \"fonts\": {\n            \"cs\": \"Lohit Devanagari\"\n          }\n        },\n        \"paragraphProperty\": {\n          \"runProperty\": {},\n          \"tabs\": []\n        },\n        \"tableProperty\": {\n          \"width\": {\n            \"width\": 0,\n            \"widthType\": \"auto\"\n          },\n          \"justification\": \"left\",\n          \"borders\": {\n            \"top\": {\n              \"borderType\": \"single\",\n              \"size\": 2,\n              \"color\": \"000000\",\n              \"position\": \"top\",\n              \"space\": 0\n            },\n            \"left\": {\n              \"borderType\": \"single\",\n              \"size\": 2,\n              \"color\": \"000000\",\n              \"position\": \"left\",\n              \"space\": 0\n            },\n            \"bottom\": {\n              \"borderType\": \"single\",\n              \"size\": 2,\n              \"color\": \"000000\",\n              \"position\": \"bottom\",\n              \"space\": 0\n            },\n            \"right\": {\n              \"borderType\": \"single\",\n              \"size\": 2,\n              \"color\": \"000000\",\n              \"position\": \"right\",\n              \"space\": 0\n            },\n            \"insideH\": {\n              \"borderType\": \"single\",\n              \"size\": 2,\n              \"color\": \"000000\",\n              \"position\": \"insideH\",\n              \"space\": 0\n            },\n            \"insideV\": {\n              \"borderType\": \"single\",\n              \"size\": 2,\n              \"color\": \"000000\",\n              \"position\": \"insideV\",\n              \"space\": 0\n            }\n          }\n        },\n        \"tableCellProperty\": {\n          \"width\": null,\n          \"borders\": null,\n          \"gridSpan\": null,\n          \"verticalMerge\": null,\n          \"verticalAlign\": null,\n          \"textDirection\": null,\n          \"shading\": null\n        },\n        \"basedOn\": \"Normal\",\n        \"next\": null\n      }\n    ]\n  },\n  \"document\": {\n    \"children\": [\n      {\n        \"type\": \"paragraph\",\n        \"data\": {\n          \"id\": \"00000004\",\n          \"children\": [\n            {\n              \"type\": \"run\",\n              \"data\": {\n                \"runProperty\": {},\n                \"children\": [\n                  {\n                    \"type\": \"text\",\n                    \"data\": {\n                      \"preserveSpace\": true,\n                      \"text\": \"Comment \"\n                    }\n                  }\n                ]\n              }\n            },\n            {\n              \"type\": \"commentRangeStart\",\n              \"data\": {\n                \"id\": 0,\n                \"comment\": {\n                  \"id\": 0,\n                  \"author\": \"不明な作成者\",\n                  \"date\": \"2019-12-04T18:22:41Z\",\n                  \"children\": [\n                    {\n                      \"type\": \"paragraph\",\n                      \"data\": {\n                        \"id\": \"00000001\",\n                        \"children\": [\n                          {\n                            \"type\": \"run\",\n                            \"data\": {\n                              \"runProperty\": {\n                                \"sz\": 20,\n                                \"szCs\": 20,\n                                \"color\": \"auto\",\n                                \"vertAlign\": \"baseline\",\n                                \"underline\": \"none\",\n                                \"bold\": false,\n                                \"boldCs\": false,\n                                \"italic\": false,\n                                \"italicCs\": false,\n                                \"characterSpacing\": 0,\n                                \"fonts\": {\n                                  \"ascii\": \"Liberation Serif\",\n                                  \"hiAnsi\": \"Liberation Serif\",\n                                  \"eastAsia\": \"Noto Sans CJK JP\",\n                                  \"cs\": \"Lohit Devanagari\"\n                                },\n                                \"strike\": false\n                              },\n                              \"children\": [\n                                {\n                                  \"type\": \"text\",\n                                  \"data\": {\n                                    \"preserveSpace\": true,\n                                    \"text\": \"Comment3\"\n                                  }\n                                }\n                              ]\n                            }\n                          }\n                        ],\n                        \"property\": {\n                          \"runProperty\": {},\n                          \"tabs\": []\n                        },\n                        \"hasNumbering\": false\n                      }\n                    }\n                  ],\n                  \"parentCommentId\": null\n                }\n              }\n            },\n            {\n              \"type\": \"run\",\n              \"data\": {\n                \"runProperty\": {},\n                \"children\": [\n                  {\n                    \"type\": \"text\",\n                    \"data\": {\n                      \"preserveSpace\": true,\n                      \"text\": \"is \"\n                    }\n                  }\n                ]\n              }\n            },\n            {\n              \"type\": \"commentRangeStart\",\n              \"data\": {\n                \"id\": 1,\n                \"comment\": {\n                  \"id\": 1,\n                  \"author\": \"不明な作成者\",\n                  \"date\": \"2019-12-04T18:22:23Z\",\n                  \"children\": [\n                    {\n                      \"type\": \"paragraph\",\n                      \"data\": {\n                        \"id\": \"00000002\",\n                        \"children\": [\n                          {\n                            \"type\": \"run\",\n                            \"data\": {\n                              \"runProperty\": {\n                                \"sz\": 20,\n                                \"szCs\": 20,\n                                \"color\": \"auto\",\n                                \"vertAlign\": \"baseline\",\n                                \"underline\": \"none\",\n                                \"bold\": false,\n                                \"boldCs\": false,\n                                \"italic\": false,\n                                \"italicCs\": false,\n                                \"characterSpacing\": 0,\n                                \"fonts\": {\n                                  \"ascii\": \"Liberation Serif\",\n                                  \"hiAnsi\": \"Liberation Serif\",\n                                  \"eastAsia\": \"Noto Sans CJK JP\",\n                                  \"cs\": \"Lohit Devanagari\"\n                                },\n                                \"strike\": false\n                              },\n                              \"children\": [\n                                {\n                                  \"type\": \"text\",\n                                  \"data\": {\n                                    \"preserveSpace\": true,\n                                    \"text\": \"Comment Added\"\n                                  }\n                                }\n                              ]\n                            }\n                          }\n                        ],\n                        \"property\": {\n                          \"runProperty\": {},\n                          \"tabs\": []\n                        },\n                        \"hasNumbering\": false\n                      }\n                    }\n                  ],\n                  \"parentCommentId\": null\n                }\n              }\n            },\n            {\n              \"type\": \"commentRangeStart\",\n              \"data\": {\n                \"id\": 2,\n                \"comment\": {\n                  \"id\": 2,\n                  \"author\": \"不明な作成者\",\n                  \"date\": \"2019-12-04T16:58:11Z\",\n                  \"children\": [\n                    {\n                      \"type\": \"paragraph\",\n                      \"data\": {\n                        \"id\": \"00000003\",\n                        \"children\": [\n                          {\n                            \"type\": \"run\",\n                            \"data\": {\n                              \"runProperty\": {\n                                \"sz\": 20,\n                                \"szCs\": 20,\n                                \"color\": \"auto\",\n                                \"vertAlign\": \"baseline\",\n                                \"underline\": \"none\",\n                                \"bold\": false,\n                                \"boldCs\": false,\n                                \"italic\": false,\n                                \"italicCs\": false,\n                                \"characterSpacing\": 0,\n                                \"fonts\": {\n                                  \"ascii\": \"Liberation Serif\",\n                                  \"hiAnsi\": \"Liberation Serif\",\n                                  \"eastAsia\": \"Noto Sans CJK JP\",\n                                  \"cs\": \"Lohit Devanagari\"\n                                },\n                                \"strike\": false\n                              },\n                              \"children\": [\n                                {\n                                  \"type\": \"text\",\n                                  \"data\": {\n                                    \"preserveSpace\": true,\n                                    \"text\": \"Hello world!!\"\n                                  }\n                                }\n                              ]\n                            }\n                          }\n                        ],\n                        \"property\": {\n                          \"runProperty\": {},\n                          \"tabs\": []\n                        },\n                        \"hasNumbering\": false\n                      }\n                    }\n                  ],\n                  \"parentCommentId\": null\n                }\n              }\n            },\n            {\n              \"type\": \"run\",\n              \"data\": {\n                \"runProperty\": {},\n                \"children\": [\n                  {\n                    \"type\": \"text\",\n                    \"data\": {\n                      \"preserveSpace\": true,\n                      \"text\": \"her\"\n                    }\n                  }\n                ]\n              }\n            },\n            {\n              \"type\": \"run\",\n              \"data\": {\n                \"runProperty\": {},\n                \"children\": []\n              }\n            },\n            {\n              \"type\": \"commentRangeEnd\",\n              \"data\": {\n                \"id\": 0\n              }\n            },\n            {\n              \"type\": \"run\",\n              \"data\": {\n                \"runProperty\": {},\n                \"children\": []\n              }\n            },\n            {\n              \"type\": \"run\",\n              \"data\": {\n                \"runProperty\": {},\n                \"children\": [\n                  {\n                    \"type\": \"text\",\n                    \"data\": {\n                      \"preserveSpace\": true,\n                      \"text\": \"e\"\n                    }\n                  }\n                ]\n              }\n            },\n            {\n              \"type\": \"run\",\n              \"data\": {\n                \"runProperty\": {},\n                \"children\": []\n              }\n            },\n            {\n              \"type\": \"commentRangeEnd\",\n              \"data\": {\n                \"id\": 1\n              }\n            },\n            {\n              \"type\": \"run\",\n              \"data\": {\n                \"runProperty\": {},\n                \"children\": []\n              }\n            },\n            {\n              \"type\": \"run\",\n              \"data\": {\n                \"runProperty\": {},\n                \"children\": []\n              }\n            },\n            {\n              \"type\": \"commentRangeEnd\",\n              \"data\": {\n                \"id\": 2\n              }\n            },\n            {\n              \"type\": \"run\",\n              \"data\": {\n                \"runProperty\": {},\n                \"children\": []\n              }\n            },\n            {\n              \"type\": \"run\",\n              \"data\": {\n                \"runProperty\": {},\n                \"children\": [\n                  {\n                    \"type\": \"text\",\n                    \"data\": {\n                      \"preserveSpace\": true,\n                      \"text\": \". Comment Example \"\n                    }\n                  }\n                ]\n              }\n            }\n          ],\n          \"property\": {\n            \"runProperty\": {},\n            \"style\": \"Normal\",\n            \"tabs\": []\n          },\n          \"hasNumbering\": false\n        }\n      }\n    ],\n    \"sectionProperty\": {\n      \"pageSize\": {\n        \"w\": 11906,\n        \"h\": 16838,\n        \"orient\": null\n      },\n      \"pageMargin\": {\n        \"top\": 1134,\n        \"left\": 1134,\n        \"bottom\": 1134,\n        \"right\": 1134,\n        \"header\": 0,\n        \"footer\": 0,\n        \"gutter\": 0\n      },\n      \"columns\": 1,\n      \"space\": 425,\n      \"titlePg\": false,\n      \"textDirection\": \"lrTb\",\n      \"docGrid\": {\n        \"gridType\": \"default\",\n        \"linePitch\": 100,\n        \"charSpace\": 0\n      }\n    },\n    \"hasNumbering\": false\n  },\n  \"comments\": {\n    \"comments\": [\n      {\n        \"id\": 0,\n        \"author\": \"不明な作成者\",\n        \"date\": \"2019-12-04T18:22:41Z\",\n        \"children\": [\n          {\n            \"type\": \"paragraph\",\n            \"data\": {\n              \"id\": \"00000001\",\n              \"children\": [\n                {\n                  \"type\": \"run\",\n                  \"data\": {\n                    \"runProperty\": {\n                      \"sz\": 20,\n                      \"szCs\": 20,\n                      \"color\": \"auto\",\n                      \"vertAlign\": \"baseline\",\n                      \"underline\": \"none\",\n                      \"bold\": false,\n                      \"boldCs\": false,\n                      \"italic\": false,\n                      \"italicCs\": false,\n                      \"characterSpacing\": 0,\n                      \"fonts\": {\n                        \"ascii\": \"Liberation Serif\",\n                        \"hiAnsi\": \"Liberation Serif\",\n                        \"eastAsia\": \"Noto Sans CJK JP\",\n                        \"cs\": \"Lohit Devanagari\"\n                      },\n                      \"strike\": false\n                    },\n                    \"children\": [\n                      {\n                        \"type\": \"text\",\n                        \"data\": {\n                          \"preserveSpace\": true,\n                          \"text\": \"Comment3\"\n                        }\n                      }\n                    ]\n                  }\n                }\n              ],\n              \"property\": {\n                \"runProperty\": {},\n                \"tabs\": []\n              },\n              \"hasNumbering\": false\n            }\n          }\n        ],\n        \"parentCommentId\": null\n      },\n      {\n        \"id\": 1,\n        \"author\": \"不明な作成者\",\n        \"date\": \"2019-12-04T18:22:23Z\",\n        \"children\": [\n          {\n            \"type\": \"paragraph\",\n            \"data\": {\n              \"id\": \"00000002\",\n              \"children\": [\n                {\n                  \"type\": \"run\",\n                  \"data\": {\n                    \"runProperty\": {\n                      \"sz\": 20,\n                      \"szCs\": 20,\n                      \"color\": \"auto\",\n                      \"vertAlign\": \"baseline\",\n                      \"underline\": \"none\",\n                      \"bold\": false,\n                      \"boldCs\": false,\n                      \"italic\": false,\n                      \"italicCs\": false,\n                      \"characterSpacing\": 0,\n                      \"fonts\": {\n                        \"ascii\": \"Liberation Serif\",\n                        \"hiAnsi\": \"Liberation Serif\",\n                        \"eastAsia\": \"Noto Sans CJK JP\",\n                        \"cs\": \"Lohit Devanagari\"\n                      },\n                      \"strike\": false\n                    },\n                    \"children\": [\n                      {\n                        \"type\": \"text\",\n                        \"data\": {\n                          \"preserveSpace\": true,\n                          \"text\": \"Comment Added\"\n                        }\n                      }\n                    ]\n                  }\n                }\n              ],\n              \"property\": {\n                \"runProperty\": {},\n                \"tabs\": []\n              },\n              \"hasNumbering\": false\n            }\n          }\n        ],\n        \"parentCommentId\": null\n      },\n      {\n        \"id\": 2,\n        \"author\": \"不明な作成者\",\n        \"date\": \"2019-12-04T16:58:11Z\",\n        \"children\": [\n          {\n            \"type\": \"paragraph\",\n            \"data\": {\n              \"id\": \"00000003\",\n              \"children\": [\n                {\n                  \"type\": \"run\",\n                  \"data\": {\n                    \"runProperty\": {\n                      \"sz\": 20,\n                      \"szCs\": 20,\n                      \"color\": \"auto\",\n                      \"vertAlign\": \"baseline\",\n                      \"underline\": \"none\",\n                      \"bold\": false,\n                      \"boldCs\": false,\n                      \"italic\": false,\n                      \"italicCs\": false,\n                      \"characterSpacing\": 0,\n                      \"fonts\": {\n                        \"ascii\": \"Liberation Serif\",\n                        \"hiAnsi\": \"Liberation Serif\",\n                        \"eastAsia\": \"Noto Sans CJK JP\",\n                        \"cs\": \"Lohit Devanagari\"\n                      },\n                      \"strike\": false\n                    },\n                    \"children\": [\n                      {\n                        \"type\": \"text\",\n                        \"data\": {\n                          \"preserveSpace\": true,\n                          \"text\": \"Hello world!!\"\n                        }\n                      }\n                    ]\n                  }\n                }\n              ],\n              \"property\": {\n                \"runProperty\": {},\n                \"tabs\": []\n              },\n              \"hasNumbering\": false\n            }\n          }\n        ],\n        \"parentCommentId\": null\n      }\n    ]\n  },\n  \"numberings\": {\n    \"abstractNums\": [],\n    \"numberings\": []\n  },\n  \"settings\": {\n    \"defaultTabStop\": 709,\n    \"zoom\": 100,\n    \"docId\": null,\n    \"docVars\": [],\n    \"evenAndOddHeaders\": false,\n    \"adjustLineHeightInTable\": false\n  },\n  \"fontTable\": {},\n  \"media\": [],\n  \"commentsExtended\": {\n    \"children\": []\n  },\n  \"webSettings\": {\n    \"divs\": []\n  },\n  \"taskpanes\": null,\n  \"taskpanesRels\": {\n    \"rels\": []\n  },\n  \"webExtensions\": [],\n  \"customItems\": [],\n  \"customItemProps\": [],\n  \"customItemRels\": [],\n  \"themes\": [],\n  \"images\": [],\n  \"hyperlinks\": []\n}"
