---
source: docx-core/tests/reader.rs
expression: "&json"
---
"{\n  \"contentType\": {\n    \"types\": {\n      \"/_rels/.rels\": \"application/vnd.openxmlformats-package.relationships+xml\",\n      \"/docProps/app.xml\": \"application/vnd.openxmlformats-officedocument.extended-properties+xml\",\n      \"/docProps/core.xml\": \"application/vnd.openxmlformats-package.core-properties+xml\",\n      \"/word/_rels/document.xml.rels\": \"application/vnd.openxmlformats-package.relationships+xml\",\n      \"/word/comments.xml\": \"application/vnd.openxmlformats-officedocument.wordprocessingml.comments+xml\",\n      \"/word/commentsExtended.xml\": \"application/vnd.openxmlformats-officedocument.wordprocessingml.commentsExtended+xml\",\n      \"/word/document.xml\": \"application/vnd.openxmlformats-officedocument.wordprocessingml.document.main+xml\",\n      \"/word/fontTable.xml\": \"application/vnd.openxmlformats-officedocument.wordprocessingml.fontTable+xml\",\n      \"/word/header1.xml\": \"application/vnd.openxmlformats-officedocument.wordprocessingml.header+xml\",\n      \"/word/numbering.xml\": \"application/vnd.openxmlformats-officedocument.wordprocessingml.numbering+xml\",\n      \"/word/settings.xml\": \"application/vnd.openxmlformats-officedocument.wordprocessingml.settings+xml\",\n      \"/word/styles.xml\": \"application/vnd.openxmlformats-officedocument.wordprocessingml.styles+xml\"\n    }\n  },\n  \"rels\": {\n    \"rels\": [\n      [\n        \"http://schemas.openxmlformats.org/package/2006/relationships/metadata/core-properties\",\n        \"rId1\",\n        \"docProps/core.xml\"\n      ],\n      [\n        \"http://schemas.openxmlformats.org/officeDocument/2006/relationships/extended-properties\",\n        \"rId2\",\n        \"docProps/app.xml\"\n      ],\n      [\n        \"http://schemas.openxmlformats.org/officeDocument/2006/relationships/officeDocument\",\n        \"rId3\",\n        \"word/document.xml\"\n      ]\n    ]\n  },\n  \"documentRels\": {\n    \"hasComments\": false,\n    \"hasNumberings\": false,\n    \"imageIds\": []\n  },\n  \"docProps\": {\n    \"app\": {},\n    \"core\": {\n      \"config\": {\n        \"created\": null,\n        \"creator\": null,\n        \"description\": null,\n        \"language\": null,\n        \"lastModifiedBy\": null,\n        \"modified\": null,\n        \"revision\": null,\n        \"subject\": null,\n        \"title\": null\n      }\n    }\n  },\n  \"styles\": {\n    \"docDefaults\": {\n      \"runPropertyDefault\": {\n        \"runProperty\": {\n          \"sz\": null,\n          \"szCs\": null,\n          \"color\": null,\n          \"highlight\": null,\n          \"underline\": null,\n          \"bold\": null,\n          \"boldCs\": null,\n          \"italic\": null,\n          \"italicCs\": null,\n          \"vanish\": null,\n          \"fonts\": null\n        }\n      }\n    },\n    \"styles\": [\n      {\n        \"styleId\": \"a\",\n        \"name\": \"Normal\",\n        \"styleType\": \"paragraph\",\n        \"runProperty\": {\n          \"sz\": null,\n          \"szCs\": null,\n          \"color\": null,\n          \"highlight\": null,\n          \"underline\": null,\n          \"bold\": null,\n          \"boldCs\": null,\n          \"italic\": null,\n          \"italicCs\": null,\n          \"vanish\": null,\n          \"fonts\": null\n        },\n        \"paragraphProperty\": {\n          \"runProperty\": {\n            \"sz\": null,\n            \"szCs\": null,\n            \"color\": null,\n            \"highlight\": null,\n            \"underline\": null,\n            \"bold\": null,\n            \"boldCs\": null,\n            \"italic\": null,\n            \"italicCs\": null,\n            \"vanish\": null,\n            \"fonts\": null\n          },\n          \"style\": null,\n          \"numberingProperty\": null,\n          \"alignment\": \"both\",\n          \"indent\": null\n        }\n      },\n      {\n        \"styleId\": \"a0\",\n        \"name\": \"Default Paragraph Font\",\n        \"styleType\": \"character\",\n        \"runProperty\": {\n          \"sz\": null,\n          \"szCs\": null,\n          \"color\": null,\n          \"highlight\": null,\n          \"underline\": null,\n          \"bold\": null,\n          \"boldCs\": null,\n          \"italic\": null,\n          \"italicCs\": null,\n          \"vanish\": null,\n          \"fonts\": null\n        },\n        \"paragraphProperty\": {\n          \"runProperty\": {\n            \"sz\": null,\n            \"szCs\": null,\n            \"color\": null,\n            \"highlight\": null,\n            \"underline\": null,\n            \"bold\": null,\n            \"boldCs\": null,\n            \"italic\": null,\n            \"italicCs\": null,\n            \"vanish\": null,\n            \"fonts\": null\n          },\n          \"style\": null,\n          \"numberingProperty\": null,\n          \"alignment\": null,\n          \"indent\": null\n        }\n      },\n      {\n        \"styleId\": \"a1\",\n        \"name\": \"Normal Table\",\n        \"styleType\": \"table\",\n        \"runProperty\": {\n          \"sz\": null,\n          \"szCs\": null,\n          \"color\": null,\n          \"highlight\": null,\n          \"underline\": null,\n          \"bold\": null,\n          \"boldCs\": null,\n          \"italic\": null,\n          \"italicCs\": null,\n          \"vanish\": null,\n          \"fonts\": null\n        },\n        \"paragraphProperty\": {\n          \"runProperty\": {\n            \"sz\": null,\n            \"szCs\": null,\n            \"color\": null,\n            \"highlight\": null,\n            \"underline\": null,\n            \"bold\": null,\n            \"boldCs\": null,\n            \"italic\": null,\n            \"italicCs\": null,\n            \"vanish\": null,\n            \"fonts\": null\n          },\n          \"style\": null,\n          \"numberingProperty\": null,\n          \"alignment\": null,\n          \"indent\": null\n        }\n      },\n      {\n        \"styleId\": \"a2\",\n        \"name\": \"No List\",\n        \"styleType\": \"numbering\",\n        \"runProperty\": {\n          \"sz\": null,\n          \"szCs\": null,\n          \"color\": null,\n          \"highlight\": null,\n          \"underline\": null,\n          \"bold\": null,\n          \"boldCs\": null,\n          \"italic\": null,\n          \"italicCs\": null,\n          \"vanish\": null,\n          \"fonts\": null\n        },\n        \"paragraphProperty\": {\n          \"runProperty\": {\n            \"sz\": null,\n            \"szCs\": null,\n            \"color\": null,\n            \"highlight\": null,\n            \"underline\": null,\n            \"bold\": null,\n            \"boldCs\": null,\n            \"italic\": null,\n            \"italicCs\": null,\n            \"vanish\": null,\n            \"fonts\": null\n          },\n          \"style\": null,\n          \"numberingProperty\": null,\n          \"alignment\": null,\n          \"indent\": null\n        }\n      }\n    ]\n  },\n  \"document\": {\n    \"children\": [\n      {\n        \"type\": \"paragraph\",\n        \"data\": {\n          \"id\": \"0000006c\",\n          \"children\": [\n            {\n              \"type\": \"run\",\n              \"data\": {\n                \"runProperty\": {\n                  \"sz\": null,\n                  \"szCs\": null,\n                  \"color\": null,\n                  \"highlight\": null,\n                  \"underline\": null,\n                  \"bold\": null,\n                  \"boldCs\": null,\n                  \"italic\": null,\n                  \"italicCs\": null,\n                  \"vanish\": null,\n                  \"fonts\": null\n                },\n                \"children\": [\n                  {\n                    \"type\": \"drawing\",\n                    \"data\": {\n                      \"position_type\": {\n                        \"Inline\": {\n                          \"dist_t\": 0,\n                          \"dist_b\": 0,\n                          \"dist_l\": 0,\n                          \"dist_r\": 0\n                        }\n                      },\n                      \"position_h\": {\n                        \"Offset\": 0\n                      },\n                      \"position_v\": {\n                        \"Offset\": 0\n                      },\n                      \"data\": null,\n                      \"children\": [\n                        {\n                          \"type\": \"anchor\",\n                          \"data\": {\n                            \"children\": [\n                              {\n                                \"children\": [\n                                  {\n                                    \"dataType\": \"wpShape\",\n                                    \"children\": [\n                                      {\n                                        \"type\": \"shape\",\n                                        \"data\": {\n                                          \"children\": [\n                                            {\n                                              \"type\": \"textbox\",\n                                              \"data\": {\n                                                \"children\": [\n                                                  {\n                                                    \"children\": [\n                                                      {\n                                                        \"type\": \"paragraph\",\n                                                        \"data\": {\n                                                          \"id\": \"0000006d\",\n                                                          \"children\": [\n                                                            {\n                                                              \"type\": \"run\",\n                                                              \"data\": {\n                                                                \"runProperty\": {\n                                                                  \"sz\": null,\n                                                                  \"szCs\": null,\n                                                                  \"color\": null,\n                                                                  \"highlight\": null,\n                                                                  \"underline\": null,\n                                                                  \"bold\": null,\n                                                                  \"boldCs\": null,\n                                                                  \"italic\": null,\n                                                                  \"italicCs\": null,\n                                                                  \"vanish\": null,\n                                                                  \"fonts\": null\n                                                                },\n                                                                \"children\": [\n                                                                  {\n                                                                    \"type\": \"text\",\n                                                                    \"data\": {\n                                                                      \"preserveSpace\": true,\n                                                                      \"text\": \"H\"\n                                                                    }\n                                                                  }\n                                                                ]\n                                                              }\n                                                            },\n                                                            {\n                                                              \"type\": \"run\",\n                                                              \"data\": {\n                                                                \"runProperty\": {\n                                                                  \"sz\": null,\n                                                                  \"szCs\": null,\n                                                                  \"color\": null,\n                                                                  \"highlight\": null,\n                                                                  \"underline\": null,\n                                                                  \"bold\": null,\n                                                                  \"boldCs\": null,\n                                                                  \"italic\": null,\n                                                                  \"italicCs\": null,\n                                                                  \"vanish\": null,\n                                                                  \"fonts\": null\n                                                                },\n                                                                \"children\": [\n                                                                  {\n                                                                    \"type\": \"text\",\n                                                                    \"data\": {\n                                                                      \"preserveSpace\": true,\n                                                                      \"text\": \"ello\"\n                                                                    }\n                                                                  }\n                                                                ]\n                                                              }\n                                                            }\n                                                          ],\n                                                          \"property\": {\n                                                            \"runProperty\": {\n                                                              \"sz\": null,\n                                                              \"szCs\": null,\n                                                              \"color\": null,\n                                                              \"highlight\": null,\n                                                              \"underline\": null,\n                                                              \"bold\": null,\n                                                              \"boldCs\": null,\n                                                              \"italic\": null,\n                                                              \"italicCs\": null,\n                                                              \"vanish\": null,\n                                                              \"fonts\": null\n                                                            },\n                                                            \"style\": null,\n                                                            \"numberingProperty\": null,\n                                                            \"alignment\": null,\n                                                            \"indent\": null\n                                                          },\n                                                          \"hasNumbering\": false\n                                                        }\n                                                      }\n                                                    ],\n                                                    \"has_numbering\": false\n                                                  }\n                                                ],\n                                                \"hasNumbering\": false\n                                              }\n                                            }\n                                          ]\n                                        }\n                                      }\n                                    ]\n                                  }\n                                ]\n                              }\n                            ]\n                          }\n                        }\n                      ]\n                    }\n                  }\n                ]\n              }\n            }\n          ],\n          \"property\": {\n            \"runProperty\": {\n              \"sz\": null,\n              \"szCs\": null,\n              \"color\": null,\n              \"highlight\": null,\n              \"underline\": null,\n              \"bold\": null,\n              \"boldCs\": null,\n              \"italic\": null,\n              \"italicCs\": null,\n              \"vanish\": null,\n              \"fonts\": null\n            },\n            \"style\": null,\n            \"numberingProperty\": null,\n            \"alignment\": null,\n            \"indent\": null\n          },\n          \"hasNumbering\": false\n        }\n      }\n    ],\n    \"sectionProperty\": {\n      \"pageSize\": {\n        \"w\": 11906,\n        \"h\": 16838\n      },\n      \"pageMargin\": {\n        \"top\": 1985,\n        \"left\": 1701,\n        \"bottom\": 1701,\n        \"right\": 1701,\n        \"header\": 851,\n        \"footer\": 992,\n        \"gutter\": 0\n      },\n      \"columns\": 425,\n      \"documentGrid\": 360,\n      \"headerReference\": {\n        \"headerType\": \"default\",\n        \"id\": \"rId4\"\n      },\n      \"sectionType\": null\n    },\n    \"hasNumbering\": false\n  },\n  \"comments\": {\n    \"comments\": []\n  },\n  \"numberings\": {\n    \"abstractNums\": [],\n    \"numberings\": []\n  },\n  \"settings\": {\n    \"defaultTabStop\": 709,\n    \"zoom\": 100,\n    \"docId\": null\n  },\n  \"fontTable\": {},\n  \"media\": [],\n  \"header\": {\n    \"children\": []\n  },\n  \"commentsExtended\": {\n    \"children\": []\n  }\n}"
