---
source: docx-core/tests/reader.rs
expression: "&json"
---
"{\n  \"contentType\": {\n    \"types\": {\n      \"/_rels/.rels\": \"application/vnd.openxmlformats-package.relationships+xml\",\n      \"/docProps/app.xml\": \"application/vnd.openxmlformats-officedocument.extended-properties+xml\",\n      \"/docProps/core.xml\": \"application/vnd.openxmlformats-package.core-properties+xml\",\n      \"/word/_rels/document.xml.rels\": \"application/vnd.openxmlformats-package.relationships+xml\",\n      \"/word/comments.xml\": \"application/vnd.openxmlformats-officedocument.wordprocessingml.comments+xml\",\n      \"/word/document.xml\": \"application/vnd.openxmlformats-officedocument.wordprocessingml.document.main+xml\",\n      \"/word/fontTable.xml\": \"application/vnd.openxmlformats-officedocument.wordprocessingml.fontTable+xml\",\n      \"/word/numbering.xml\": \"application/vnd.openxmlformats-officedocument.wordprocessingml.numbering+xml\",\n      \"/word/settings.xml\": \"application/vnd.openxmlformats-officedocument.wordprocessingml.settings+xml\",\n      \"/word/styles.xml\": \"application/vnd.openxmlformats-officedocument.wordprocessingml.styles+xml\"\n    }\n  },\n  \"rels\": {\n    \"rels\": [\n      [\n        \"http://schemas.openxmlformats.org/package/2006/relationships/metadata/core-properties\",\n        \"rId1\",\n        \"docProps/core.xml\"\n      ],\n      [\n        \"http://schemas.openxmlformats.org/officeDocument/2006/relationships/extended-properties\",\n        \"rId2\",\n        \"docProps/app.xml\"\n      ],\n      [\n        \"http://schemas.openxmlformats.org/officeDocument/2006/relationships/officeDocument\",\n        \"rId3\",\n        \"word/document.xml\"\n      ]\n    ]\n  },\n  \"documentRels\": {\n    \"hasComments\": false,\n    \"hasNumberings\": false\n  },\n  \"docProps\": {\n    \"app\": {},\n    \"core\": {\n      \"config\": {\n        \"created\": null,\n        \"creator\": null,\n        \"description\": null,\n        \"language\": null,\n        \"lastModifiedBy\": null,\n        \"modified\": null,\n        \"revision\": null,\n        \"subject\": null,\n        \"title\": null\n      }\n    }\n  },\n  \"styles\": {\n    \"docDefaults\": {\n      \"runPropertyDefault\": {\n        \"runProperty\": {\n          \"sz\": null,\n          \"szCs\": null,\n          \"color\": null,\n          \"highlight\": null,\n          \"underline\": null,\n          \"bold\": null,\n          \"boldCs\": null,\n          \"italic\": null,\n          \"italicCs\": null,\n          \"vanish\": null\n        }\n      }\n    },\n    \"styles\": [\n      {\n        \"styleId\": \"Normal\",\n        \"name\": \"Normal\",\n        \"styleType\": \"paragraph\",\n        \"runProperty\": {\n          \"sz\": null,\n          \"szCs\": null,\n          \"color\": null,\n          \"highlight\": null,\n          \"underline\": null,\n          \"bold\": null,\n          \"boldCs\": null,\n          \"italic\": null,\n          \"italicCs\": null,\n          \"vanish\": null\n        },\n        \"paragraphProperty\": {\n          \"runProperty\": {\n            \"sz\": null,\n            \"szCs\": null,\n            \"color\": null,\n            \"highlight\": null,\n            \"underline\": null,\n            \"bold\": null,\n            \"boldCs\": null,\n            \"italic\": null,\n            \"italicCs\": null,\n            \"vanish\": null\n          },\n          \"style\": \"Normal\",\n          \"numberingProperty\": null,\n          \"alignment\": \"both\",\n          \"indent\": null\n        }\n      },\n      {\n        \"styleId\": \"DefaultParagraphFont\",\n        \"name\": \"Default Paragraph Font\",\n        \"styleType\": \"character\",\n        \"runProperty\": {\n          \"sz\": null,\n          \"szCs\": null,\n          \"color\": null,\n          \"highlight\": null,\n          \"underline\": null,\n          \"bold\": null,\n          \"boldCs\": null,\n          \"italic\": null,\n          \"italicCs\": null,\n          \"vanish\": null\n        },\n        \"paragraphProperty\": {\n          \"runProperty\": {\n            \"sz\": null,\n            \"szCs\": null,\n            \"color\": null,\n            \"highlight\": null,\n            \"underline\": null,\n            \"bold\": null,\n            \"boldCs\": null,\n            \"italic\": null,\n            \"italicCs\": null,\n            \"vanish\": null\n          },\n          \"style\": \"Normal\",\n          \"numberingProperty\": null,\n          \"alignment\": null,\n          \"indent\": null\n        }\n      },\n      {\n        \"styleId\": \"TableNormal\",\n        \"name\": \"Normal Table\",\n        \"styleType\": \"table\",\n        \"runProperty\": {\n          \"sz\": null,\n          \"szCs\": null,\n          \"color\": null,\n          \"highlight\": null,\n          \"underline\": null,\n          \"bold\": null,\n          \"boldCs\": null,\n          \"italic\": null,\n          \"italicCs\": null,\n          \"vanish\": null\n        },\n        \"paragraphProperty\": {\n          \"runProperty\": {\n            \"sz\": null,\n            \"szCs\": null,\n            \"color\": null,\n            \"highlight\": null,\n            \"underline\": null,\n            \"bold\": null,\n            \"boldCs\": null,\n            \"italic\": null,\n            \"italicCs\": null,\n            \"vanish\": null\n          },\n          \"style\": \"Normal\",\n          \"numberingProperty\": null,\n          \"alignment\": null,\n          \"indent\": null\n        }\n      },\n      {\n        \"styleId\": \"NoList\",\n        \"name\": \"No List\",\n        \"styleType\": \"numbering\",\n        \"runProperty\": {\n          \"sz\": null,\n          \"szCs\": null,\n          \"color\": null,\n          \"highlight\": null,\n          \"underline\": null,\n          \"bold\": null,\n          \"boldCs\": null,\n          \"italic\": null,\n          \"italicCs\": null,\n          \"vanish\": null\n        },\n        \"paragraphProperty\": {\n          \"runProperty\": {\n            \"sz\": null,\n            \"szCs\": null,\n            \"color\": null,\n            \"highlight\": null,\n            \"underline\": null,\n            \"bold\": null,\n            \"boldCs\": null,\n            \"italic\": null,\n            \"italicCs\": null,\n            \"vanish\": null\n          },\n          \"style\": \"Normal\",\n          \"numberingProperty\": null,\n          \"alignment\": null,\n          \"indent\": null\n        }\n      }\n    ]\n  },\n  \"document\": {\n    \"children\": [\n      {\n        \"type\": \"paragraph\",\n        \"data\": {\n          \"children\": [],\n          \"property\": {\n            \"runProperty\": {\n              \"sz\": null,\n              \"szCs\": null,\n              \"color\": null,\n              \"highlight\": null,\n              \"underline\": null,\n              \"bold\": null,\n              \"boldCs\": null,\n              \"italic\": null,\n              \"italicCs\": null,\n              \"vanish\": null\n            },\n            \"style\": \"Normal\",\n            \"numberingProperty\": null,\n            \"alignment\": null,\n            \"indent\": {\n              \"start\": 0,\n              \"startChars\": null,\n              \"end\": null,\n              \"specialIndent\": null\n            }\n          },\n          \"hasNumbering\": false,\n          \"attrs\": []\n        }\n      },\n      {\n        \"type\": \"paragraph\",\n        \"data\": {\n          \"children\": [\n            {\n              \"type\": \"run\",\n              \"data\": {\n                \"runProperty\": {\n                  \"sz\": 22,\n                  \"szCs\": 22,\n                  \"color\": \"222222\",\n                  \"highlight\": null,\n                  \"underline\": null,\n                  \"bold\": null,\n                  \"boldCs\": null,\n                  \"italic\": null,\n                  \"italicCs\": null,\n                  \"vanish\": null\n                },\n                \"children\": [\n                  {\n                    \"type\": \"text\",\n                    \"data\": {\n                      \"preserveSpace\": true,\n                      \"text\": \"Lorem ipsum dolor sit amet, consectetur adipiscing elit, sed do eiusmod tempor incididunt ut labore et dolore magna aliqua.\"\n                    }\n                  }\n                ]\n              }\n            }\n          ],\n          \"property\": {\n            \"runProperty\": {\n              \"sz\": null,\n              \"szCs\": null,\n              \"color\": null,\n              \"highlight\": null,\n              \"underline\": null,\n              \"bold\": null,\n              \"boldCs\": null,\n              \"italic\": null,\n              \"italicCs\": null,\n              \"vanish\": null\n            },\n            \"style\": \"Normal\",\n            \"numberingProperty\": null,\n            \"alignment\": null,\n            \"indent\": {\n              \"start\": 840,\n              \"startChars\": null,\n              \"end\": null,\n              \"specialIndent\": {\n                \"type\": \"firstLine\",\n                \"val\": 0\n              }\n            }\n          },\n          \"hasNumbering\": false,\n          \"attrs\": []\n        }\n      },\n      {\n        \"type\": \"paragraph\",\n        \"data\": {\n          \"children\": [],\n          \"property\": {\n            \"runProperty\": {\n              \"sz\": null,\n              \"szCs\": null,\n              \"color\": null,\n              \"highlight\": null,\n              \"underline\": null,\n              \"bold\": null,\n              \"boldCs\": null,\n              \"italic\": null,\n              \"italicCs\": null,\n              \"vanish\": null\n            },\n            \"style\": \"Normal\",\n            \"numberingProperty\": null,\n            \"alignment\": null,\n            \"indent\": {\n              \"start\": 0,\n              \"startChars\": null,\n              \"end\": null,\n              \"specialIndent\": null\n            }\n          },\n          \"hasNumbering\": false,\n          \"attrs\": []\n        }\n      },\n      {\n        \"type\": \"paragraph\",\n        \"data\": {\n          \"children\": [\n            {\n              \"type\": \"run\",\n              \"data\": {\n                \"runProperty\": {\n                  \"sz\": 22,\n                  \"szCs\": 22,\n                  \"color\": \"222222\",\n                  \"highlight\": null,\n                  \"underline\": null,\n                  \"bold\": null,\n                  \"boldCs\": null,\n                  \"italic\": null,\n                  \"italicCs\": null,\n                  \"vanish\": null\n                },\n                \"children\": [\n                  {\n                    \"type\": \"text\",\n                    \"data\": {\n                      \"preserveSpace\": true,\n                      \"text\": \"Lorem ipsum dolor sit amet, consectetur adipiscing elit, sed do eiusmod tempor incididunt ut labore et dolore magna aliqua.\"\n                    }\n                  }\n                ]\n              }\n            }\n          ],\n          \"property\": {\n            \"runProperty\": {\n              \"sz\": null,\n              \"szCs\": null,\n              \"color\": null,\n              \"highlight\": null,\n              \"underline\": null,\n              \"bold\": null,\n              \"boldCs\": null,\n              \"italic\": null,\n              \"italicCs\": null,\n              \"vanish\": null\n            },\n            \"style\": \"Normal\",\n            \"numberingProperty\": null,\n            \"alignment\": null,\n            \"indent\": {\n              \"start\": 840,\n              \"startChars\": null,\n              \"end\": null,\n              \"specialIndent\": {\n                \"type\": \"firstLine\",\n                \"val\": 720\n              }\n            }\n          },\n          \"hasNumbering\": false,\n          \"attrs\": []\n        }\n      },\n      {\n        \"type\": \"paragraph\",\n        \"data\": {\n          \"children\": [],\n          \"property\": {\n            \"runProperty\": {\n              \"sz\": null,\n              \"szCs\": null,\n              \"color\": null,\n              \"highlight\": null,\n              \"underline\": null,\n              \"bold\": null,\n              \"boldCs\": null,\n              \"italic\": null,\n              \"italicCs\": null,\n              \"vanish\": null\n            },\n            \"style\": \"Normal\",\n            \"numberingProperty\": null,\n            \"alignment\": null,\n            \"indent\": {\n              \"start\": 840,\n              \"startChars\": null,\n              \"end\": null,\n              \"specialIndent\": {\n                \"type\": \"firstLine\",\n                \"val\": 720\n              }\n            }\n          },\n          \"hasNumbering\": false,\n          \"attrs\": []\n        }\n      },\n      {\n        \"type\": \"paragraph\",\n        \"data\": {\n          \"children\": [],\n          \"property\": {\n            \"runProperty\": {\n              \"sz\": null,\n              \"szCs\": null,\n              \"color\": null,\n              \"highlight\": null,\n              \"underline\": null,\n              \"bold\": null,\n              \"boldCs\": null,\n              \"italic\": null,\n              \"italicCs\": null,\n              \"vanish\": null\n            },\n            \"style\": \"Normal\",\n            \"numberingProperty\": null,\n            \"alignment\": null,\n            \"indent\": null\n          },\n          \"hasNumbering\": false,\n          \"attrs\": []\n        }\n      },\n      {\n        \"type\": \"paragraph\",\n        \"data\": {\n          \"children\": [\n            {\n              \"type\": \"run\",\n              \"data\": {\n                \"runProperty\": {\n                  \"sz\": 21,\n                  \"szCs\": 21,\n                  \"color\": null,\n                  \"highlight\": null,\n                  \"underline\": null,\n                  \"bold\": null,\n                  \"boldCs\": null,\n                  \"italic\": null,\n                  \"italicCs\": null,\n                  \"vanish\": null\n                },\n                \"children\": [\n                  {\n                    \"type\": \"text\",\n                    \"data\": {\n                      \"preserveSpace\": true,\n                      \"text\": \"Lorem ipsum dolor sit amet, consectetur adipiscing elit, sed do eiusmod tempor incididunt ut labore et dolore magna aliqua.\"\n                    }\n                  }\n                ]\n              }\n            }\n          ],\n          \"property\": {\n            \"runProperty\": {\n              \"sz\": null,\n              \"szCs\": null,\n              \"color\": null,\n              \"highlight\": null,\n              \"underline\": null,\n              \"bold\": null,\n              \"boldCs\": null,\n              \"italic\": null,\n              \"italicCs\": null,\n              \"vanish\": null\n            },\n            \"style\": \"Normal\",\n            \"numberingProperty\": null,\n            \"alignment\": null,\n            \"indent\": {\n              \"start\": 1560,\n              \"startChars\": null,\n              \"end\": null,\n              \"specialIndent\": {\n                \"type\": \"hanging\",\n                \"val\": 720\n              }\n            }\n          },\n          \"hasNumbering\": false,\n          \"attrs\": []\n        }\n      }\n    ],\n    \"sectionProperty\": {\n      \"pageSize\": {\n        \"w\": 11906,\n        \"h\": 16838\n      },\n      \"pageMargin\": {\n        \"top\": 1985,\n        \"left\": 1701,\n        \"bottom\": 1701,\n        \"right\": 1701,\n        \"header\": 851,\n        \"footer\": 992,\n        \"gutter\": 0\n      },\n      \"columns\": 425,\n      \"documentGrid\": 360\n    },\n    \"hasNumbering\": false\n  },\n  \"comments\": {\n    \"comments\": []\n  },\n  \"numberings\": {\n    \"abstractNums\": [],\n    \"numberings\": []\n  },\n  \"settings\": {\n    \"defaultTabStop\": 709,\n    \"zoom\": 100\n  },\n  \"fontTable\": {}\n}"
