---
source: docx-core/tests/reader.rs
expression: "&json"
---
"{\n  \"contentType\": {\n    \"types\": {\n      \"/_rels/.rels\": \"application/vnd.openxmlformats-package.relationships+xml\",\n      \"/docProps/app.xml\": \"application/vnd.openxmlformats-officedocument.extended-properties+xml\",\n      \"/docProps/core.xml\": \"application/vnd.openxmlformats-package.core-properties+xml\",\n      \"/word/_rels/document.xml.rels\": \"application/vnd.openxmlformats-package.relationships+xml\",\n      \"/word/comments.xml\": \"application/vnd.openxmlformats-officedocument.wordprocessingml.comments+xml\",\n      \"/word/commentsExtended.xml\": \"application/vnd.openxmlformats-officedocument.wordprocessingml.commentsExtended+xml\",\n      \"/word/document.xml\": \"application/vnd.openxmlformats-officedocument.wordprocessingml.document.main+xml\",\n      \"/word/fontTable.xml\": \"application/vnd.openxmlformats-officedocument.wordprocessingml.fontTable+xml\",\n      \"/word/header1.xml\": \"application/vnd.openxmlformats-officedocument.wordprocessingml.header+xml\",\n      \"/word/numbering.xml\": \"application/vnd.openxmlformats-officedocument.wordprocessingml.numbering+xml\",\n      \"/word/settings.xml\": \"application/vnd.openxmlformats-officedocument.wordprocessingml.settings+xml\",\n      \"/word/styles.xml\": \"application/vnd.openxmlformats-officedocument.wordprocessingml.styles+xml\"\n    }\n  },\n  \"rels\": {\n    \"rels\": [\n      [\n        \"http://schemas.openxmlformats.org/package/2006/relationships/metadata/core-properties\",\n        \"rId1\",\n        \"docProps/core.xml\"\n      ],\n      [\n        \"http://schemas.openxmlformats.org/officeDocument/2006/relationships/extended-properties\",\n        \"rId2\",\n        \"docProps/app.xml\"\n      ],\n      [\n        \"http://schemas.openxmlformats.org/officeDocument/2006/relationships/officeDocument\",\n        \"rId3\",\n        \"word/document.xml\"\n      ]\n    ]\n  },\n  \"documentRels\": {\n    \"hasComments\": false,\n    \"hasNumberings\": false,\n    \"imageIds\": []\n  },\n  \"docProps\": {\n    \"app\": {},\n    \"core\": {\n      \"config\": {\n        \"created\": null,\n        \"creator\": null,\n        \"description\": null,\n        \"language\": null,\n        \"lastModifiedBy\": null,\n        \"modified\": null,\n        \"revision\": null,\n        \"subject\": null,\n        \"title\": null\n      }\n    }\n  },\n  \"styles\": {\n    \"docDefaults\": {\n      \"runPropertyDefault\": {\n        \"runProperty\": {\n          \"sz\": 24,\n          \"szCs\": 24,\n          \"color\": null,\n          \"highlight\": null,\n          \"underline\": null,\n          \"bold\": null,\n          \"boldCs\": null,\n          \"italic\": null,\n          \"italicCs\": null,\n          \"vanish\": null,\n          \"spacing\": null,\n          \"fonts\": null\n        }\n      }\n    },\n    \"styles\": [\n      {\n        \"styleId\": \"Normal\",\n        \"name\": \"Normal\",\n        \"styleType\": \"paragraph\",\n        \"runProperty\": {\n          \"sz\": 24,\n          \"szCs\": 24,\n          \"color\": \"auto\",\n          \"highlight\": null,\n          \"underline\": null,\n          \"bold\": null,\n          \"boldCs\": null,\n          \"italic\": null,\n          \"italicCs\": null,\n          \"vanish\": null,\n          \"spacing\": null,\n          \"fonts\": null\n        },\n        \"paragraphProperty\": {\n          \"runProperty\": {\n            \"sz\": null,\n            \"szCs\": null,\n            \"color\": null,\n            \"highlight\": null,\n            \"underline\": null,\n            \"bold\": null,\n            \"boldCs\": null,\n            \"italic\": null,\n            \"italicCs\": null,\n            \"vanish\": null,\n            \"spacing\": null,\n            \"fonts\": null\n          },\n          \"style\": null,\n          \"numberingProperty\": null,\n          \"alignment\": null,\n          \"indent\": null,\n          \"lineHeight\": null\n        },\n        \"tableProperty\": {\n          \"width\": {\n            \"width\": 0,\n            \"widthType\": \"Auto\"\n          },\n          \"justification\": \"left\",\n          \"borders\": {\n            \"top\": {\n              \"borderType\": \"single\",\n              \"size\": 2,\n              \"color\": \"000000\",\n              \"position\": \"top\",\n              \"space\": 0\n            },\n            \"left\": {\n              \"borderType\": \"single\",\n              \"size\": 2,\n              \"color\": \"000000\",\n              \"position\": \"left\",\n              \"space\": 0\n            },\n            \"bottom\": {\n              \"borderType\": \"single\",\n              \"size\": 2,\n              \"color\": \"000000\",\n              \"position\": \"bottom\",\n              \"space\": 0\n            },\n            \"right\": {\n              \"borderType\": \"single\",\n              \"size\": 2,\n              \"color\": \"000000\",\n              \"position\": \"right\",\n              \"space\": 0\n            },\n            \"insideH\": {\n              \"borderType\": \"single\",\n              \"size\": 2,\n              \"color\": \"000000\",\n              \"position\": \"insideH\",\n              \"space\": 0\n            },\n            \"insideV\": {\n              \"borderType\": \"single\",\n              \"size\": 2,\n              \"color\": \"000000\",\n              \"position\": \"insideV\",\n              \"space\": 0\n            }\n          },\n          \"margins\": {\n            \"top\": 55,\n            \"left\": 54,\n            \"bottom\": 55,\n            \"right\": 55\n          },\n          \"indent\": null,\n          \"style\": null\n        },\n        \"basedOn\": null\n      },\n      {\n        \"styleId\": \"Style14\",\n        \"name\": \"見出し\",\n        \"styleType\": \"paragraph\",\n        \"runProperty\": {\n          \"sz\": 28,\n          \"szCs\": 28,\n          \"color\": null,\n          \"highlight\": null,\n          \"underline\": null,\n          \"bold\": null,\n          \"boldCs\": null,\n          \"italic\": null,\n          \"italicCs\": null,\n          \"vanish\": null,\n          \"spacing\": null,\n          \"fonts\": null\n        },\n        \"paragraphProperty\": {\n          \"runProperty\": {\n            \"sz\": null,\n            \"szCs\": null,\n            \"color\": null,\n            \"highlight\": null,\n            \"underline\": null,\n            \"bold\": null,\n            \"boldCs\": null,\n            \"italic\": null,\n            \"italicCs\": null,\n            \"vanish\": null,\n            \"spacing\": null,\n            \"fonts\": null\n          },\n          \"style\": null,\n          \"numberingProperty\": null,\n          \"alignment\": null,\n          \"indent\": null,\n          \"lineHeight\": null\n        },\n        \"tableProperty\": {\n          \"width\": {\n            \"width\": 0,\n            \"widthType\": \"Auto\"\n          },\n          \"justification\": \"left\",\n          \"borders\": {\n            \"top\": {\n              \"borderType\": \"single\",\n              \"size\": 2,\n              \"color\": \"000000\",\n              \"position\": \"top\",\n              \"space\": 0\n            },\n            \"left\": {\n              \"borderType\": \"single\",\n              \"size\": 2,\n              \"color\": \"000000\",\n              \"position\": \"left\",\n              \"space\": 0\n            },\n            \"bottom\": {\n              \"borderType\": \"single\",\n              \"size\": 2,\n              \"color\": \"000000\",\n              \"position\": \"bottom\",\n              \"space\": 0\n            },\n            \"right\": {\n              \"borderType\": \"single\",\n              \"size\": 2,\n              \"color\": \"000000\",\n              \"position\": \"right\",\n              \"space\": 0\n            },\n            \"insideH\": {\n              \"borderType\": \"single\",\n              \"size\": 2,\n              \"color\": \"000000\",\n              \"position\": \"insideH\",\n              \"space\": 0\n            },\n            \"insideV\": {\n              \"borderType\": \"single\",\n              \"size\": 2,\n              \"color\": \"000000\",\n              \"position\": \"insideV\",\n              \"space\": 0\n            }\n          },\n          \"margins\": {\n            \"top\": 55,\n            \"left\": 54,\n            \"bottom\": 55,\n            \"right\": 55\n          },\n          \"indent\": null,\n          \"style\": null\n        },\n        \"basedOn\": {\n          \"val\": \"Normal\"\n        }\n      },\n      {\n        \"styleId\": \"Style15\",\n        \"name\": \"Body Text\",\n        \"styleType\": \"paragraph\",\n        \"runProperty\": {\n          \"sz\": null,\n          \"szCs\": null,\n          \"color\": null,\n          \"highlight\": null,\n          \"underline\": null,\n          \"bold\": null,\n          \"boldCs\": null,\n          \"italic\": null,\n          \"italicCs\": null,\n          \"vanish\": null,\n          \"spacing\": null,\n          \"fonts\": null\n        },\n        \"paragraphProperty\": {\n          \"runProperty\": {\n            \"sz\": null,\n            \"szCs\": null,\n            \"color\": null,\n            \"highlight\": null,\n            \"underline\": null,\n            \"bold\": null,\n            \"boldCs\": null,\n            \"italic\": null,\n            \"italicCs\": null,\n            \"vanish\": null,\n            \"spacing\": null,\n            \"fonts\": null\n          },\n          \"style\": null,\n          \"numberingProperty\": null,\n          \"alignment\": null,\n          \"indent\": null,\n          \"lineHeight\": null\n        },\n        \"tableProperty\": {\n          \"width\": {\n            \"width\": 0,\n            \"widthType\": \"Auto\"\n          },\n          \"justification\": \"left\",\n          \"borders\": {\n            \"top\": {\n              \"borderType\": \"single\",\n              \"size\": 2,\n              \"color\": \"000000\",\n              \"position\": \"top\",\n              \"space\": 0\n            },\n            \"left\": {\n              \"borderType\": \"single\",\n              \"size\": 2,\n              \"color\": \"000000\",\n              \"position\": \"left\",\n              \"space\": 0\n            },\n            \"bottom\": {\n              \"borderType\": \"single\",\n              \"size\": 2,\n              \"color\": \"000000\",\n              \"position\": \"bottom\",\n              \"space\": 0\n            },\n            \"right\": {\n              \"borderType\": \"single\",\n              \"size\": 2,\n              \"color\": \"000000\",\n              \"position\": \"right\",\n              \"space\": 0\n            },\n            \"insideH\": {\n              \"borderType\": \"single\",\n              \"size\": 2,\n              \"color\": \"000000\",\n              \"position\": \"insideH\",\n              \"space\": 0\n            },\n            \"insideV\": {\n              \"borderType\": \"single\",\n              \"size\": 2,\n              \"color\": \"000000\",\n              \"position\": \"insideV\",\n              \"space\": 0\n            }\n          },\n          \"margins\": {\n            \"top\": 55,\n            \"left\": 54,\n            \"bottom\": 55,\n            \"right\": 55\n          },\n          \"indent\": null,\n          \"style\": null\n        },\n        \"basedOn\": {\n          \"val\": \"Normal\"\n        }\n      },\n      {\n        \"styleId\": \"Style16\",\n        \"name\": \"List\",\n        \"styleType\": \"paragraph\",\n        \"runProperty\": {\n          \"sz\": null,\n          \"szCs\": null,\n          \"color\": null,\n          \"highlight\": null,\n          \"underline\": null,\n          \"bold\": null,\n          \"boldCs\": null,\n          \"italic\": null,\n          \"italicCs\": null,\n          \"vanish\": null,\n          \"spacing\": null,\n          \"fonts\": null\n        },\n        \"paragraphProperty\": {\n          \"runProperty\": {\n            \"sz\": null,\n            \"szCs\": null,\n            \"color\": null,\n            \"highlight\": null,\n            \"underline\": null,\n            \"bold\": null,\n            \"boldCs\": null,\n            \"italic\": null,\n            \"italicCs\": null,\n            \"vanish\": null,\n            \"spacing\": null,\n            \"fonts\": null\n          },\n          \"style\": null,\n          \"numberingProperty\": null,\n          \"alignment\": null,\n          \"indent\": null,\n          \"lineHeight\": null\n        },\n        \"tableProperty\": {\n          \"width\": {\n            \"width\": 0,\n            \"widthType\": \"Auto\"\n          },\n          \"justification\": \"left\",\n          \"borders\": {\n            \"top\": {\n              \"borderType\": \"single\",\n              \"size\": 2,\n              \"color\": \"000000\",\n              \"position\": \"top\",\n              \"space\": 0\n            },\n            \"left\": {\n              \"borderType\": \"single\",\n              \"size\": 2,\n              \"color\": \"000000\",\n              \"position\": \"left\",\n              \"space\": 0\n            },\n            \"bottom\": {\n              \"borderType\": \"single\",\n              \"size\": 2,\n              \"color\": \"000000\",\n              \"position\": \"bottom\",\n              \"space\": 0\n            },\n            \"right\": {\n              \"borderType\": \"single\",\n              \"size\": 2,\n              \"color\": \"000000\",\n              \"position\": \"right\",\n              \"space\": 0\n            },\n            \"insideH\": {\n              \"borderType\": \"single\",\n              \"size\": 2,\n              \"color\": \"000000\",\n              \"position\": \"insideH\",\n              \"space\": 0\n            },\n            \"insideV\": {\n              \"borderType\": \"single\",\n              \"size\": 2,\n              \"color\": \"000000\",\n              \"position\": \"insideV\",\n              \"space\": 0\n            }\n          },\n          \"margins\": {\n            \"top\": 55,\n            \"left\": 54,\n            \"bottom\": 55,\n            \"right\": 55\n          },\n          \"indent\": null,\n          \"style\": null\n        },\n        \"basedOn\": {\n          \"val\": \"Style15\"\n        }\n      },\n      {\n        \"styleId\": \"Style17\",\n        \"name\": \"Caption\",\n        \"styleType\": \"paragraph\",\n        \"runProperty\": {\n          \"sz\": 24,\n          \"szCs\": 24,\n          \"color\": null,\n          \"highlight\": null,\n          \"underline\": null,\n          \"bold\": null,\n          \"boldCs\": null,\n          \"italic\": true,\n          \"italicCs\": true,\n          \"vanish\": null,\n          \"spacing\": null,\n          \"fonts\": null\n        },\n        \"paragraphProperty\": {\n          \"runProperty\": {\n            \"sz\": null,\n            \"szCs\": null,\n            \"color\": null,\n            \"highlight\": null,\n            \"underline\": null,\n            \"bold\": null,\n            \"boldCs\": null,\n            \"italic\": null,\n            \"italicCs\": null,\n            \"vanish\": null,\n            \"spacing\": null,\n            \"fonts\": null\n          },\n          \"style\": null,\n          \"numberingProperty\": null,\n          \"alignment\": null,\n          \"indent\": null,\n          \"lineHeight\": null\n        },\n        \"tableProperty\": {\n          \"width\": {\n            \"width\": 0,\n            \"widthType\": \"Auto\"\n          },\n          \"justification\": \"left\",\n          \"borders\": {\n            \"top\": {\n              \"borderType\": \"single\",\n              \"size\": 2,\n              \"color\": \"000000\",\n              \"position\": \"top\",\n              \"space\": 0\n            },\n            \"left\": {\n              \"borderType\": \"single\",\n              \"size\": 2,\n              \"color\": \"000000\",\n              \"position\": \"left\",\n              \"space\": 0\n            },\n            \"bottom\": {\n              \"borderType\": \"single\",\n              \"size\": 2,\n              \"color\": \"000000\",\n              \"position\": \"bottom\",\n              \"space\": 0\n            },\n            \"right\": {\n              \"borderType\": \"single\",\n              \"size\": 2,\n              \"color\": \"000000\",\n              \"position\": \"right\",\n              \"space\": 0\n            },\n            \"insideH\": {\n              \"borderType\": \"single\",\n              \"size\": 2,\n              \"color\": \"000000\",\n              \"position\": \"insideH\",\n              \"space\": 0\n            },\n            \"insideV\": {\n              \"borderType\": \"single\",\n              \"size\": 2,\n              \"color\": \"000000\",\n              \"position\": \"insideV\",\n              \"space\": 0\n            }\n          },\n          \"margins\": {\n            \"top\": 55,\n            \"left\": 54,\n            \"bottom\": 55,\n            \"right\": 55\n          },\n          \"indent\": null,\n          \"style\": null\n        },\n        \"basedOn\": {\n          \"val\": \"Normal\"\n        }\n      },\n      {\n        \"styleId\": \"Style18\",\n        \"name\": \"索引\",\n        \"styleType\": \"paragraph\",\n        \"runProperty\": {\n          \"sz\": null,\n          \"szCs\": null,\n          \"color\": null,\n          \"highlight\": null,\n          \"underline\": null,\n          \"bold\": null,\n          \"boldCs\": null,\n          \"italic\": null,\n          \"italicCs\": null,\n          \"vanish\": null,\n          \"spacing\": null,\n          \"fonts\": null\n        },\n        \"paragraphProperty\": {\n          \"runProperty\": {\n            \"sz\": null,\n            \"szCs\": null,\n            \"color\": null,\n            \"highlight\": null,\n            \"underline\": null,\n            \"bold\": null,\n            \"boldCs\": null,\n            \"italic\": null,\n            \"italicCs\": null,\n            \"vanish\": null,\n            \"spacing\": null,\n            \"fonts\": null\n          },\n          \"style\": null,\n          \"numberingProperty\": null,\n          \"alignment\": null,\n          \"indent\": null,\n          \"lineHeight\": null\n        },\n        \"tableProperty\": {\n          \"width\": {\n            \"width\": 0,\n            \"widthType\": \"Auto\"\n          },\n          \"justification\": \"left\",\n          \"borders\": {\n            \"top\": {\n              \"borderType\": \"single\",\n              \"size\": 2,\n              \"color\": \"000000\",\n              \"position\": \"top\",\n              \"space\": 0\n            },\n            \"left\": {\n              \"borderType\": \"single\",\n              \"size\": 2,\n              \"color\": \"000000\",\n              \"position\": \"left\",\n              \"space\": 0\n            },\n            \"bottom\": {\n              \"borderType\": \"single\",\n              \"size\": 2,\n              \"color\": \"000000\",\n              \"position\": \"bottom\",\n              \"space\": 0\n            },\n            \"right\": {\n              \"borderType\": \"single\",\n              \"size\": 2,\n              \"color\": \"000000\",\n              \"position\": \"right\",\n              \"space\": 0\n            },\n            \"insideH\": {\n              \"borderType\": \"single\",\n              \"size\": 2,\n              \"color\": \"000000\",\n              \"position\": \"insideH\",\n              \"space\": 0\n            },\n            \"insideV\": {\n              \"borderType\": \"single\",\n              \"size\": 2,\n              \"color\": \"000000\",\n              \"position\": \"insideV\",\n              \"space\": 0\n            }\n          },\n          \"margins\": {\n            \"top\": 55,\n            \"left\": 54,\n            \"bottom\": 55,\n            \"right\": 55\n          },\n          \"indent\": null,\n          \"style\": null\n        },\n        \"basedOn\": {\n          \"val\": \"Normal\"\n        }\n      }\n    ]\n  },\n  \"document\": {\n    \"children\": [\n      {\n        \"type\": \"paragraph\",\n        \"data\": {\n          \"id\": \"0000002a\",\n          \"children\": [\n            {\n              \"type\": \"run\",\n              \"data\": {\n                \"runProperty\": {\n                  \"sz\": null,\n                  \"szCs\": null,\n                  \"color\": null,\n                  \"highlight\": \"yellow\",\n                  \"underline\": null,\n                  \"bold\": null,\n                  \"boldCs\": null,\n                  \"italic\": null,\n                  \"italicCs\": null,\n                  \"vanish\": null,\n                  \"spacing\": null,\n                  \"fonts\": null\n                },\n                \"children\": [\n                  {\n                    \"type\": \"text\",\n                    \"data\": {\n                      \"preserveSpace\": true,\n                      \"text\": \"マーカー\"\n                    }\n                  }\n                ]\n              }\n            },\n            {\n              \"type\": \"run\",\n              \"data\": {\n                \"runProperty\": {\n                  \"sz\": null,\n                  \"szCs\": null,\n                  \"color\": null,\n                  \"highlight\": null,\n                  \"underline\": null,\n                  \"bold\": null,\n                  \"boldCs\": null,\n                  \"italic\": null,\n                  \"italicCs\": null,\n                  \"vanish\": null,\n                  \"spacing\": null,\n                  \"fonts\": null\n                },\n                \"children\": [\n                  {\n                    \"type\": \"text\",\n                    \"data\": {\n                      \"preserveSpace\": true,\n                      \"text\": \"  \"\n                    }\n                  }\n                ]\n              }\n            },\n            {\n              \"type\": \"run\",\n              \"data\": {\n                \"runProperty\": {\n                  \"sz\": null,\n                  \"szCs\": null,\n                  \"color\": null,\n                  \"highlight\": null,\n                  \"underline\": \"single\",\n                  \"bold\": null,\n                  \"boldCs\": null,\n                  \"italic\": null,\n                  \"italicCs\": null,\n                  \"vanish\": null,\n                  \"spacing\": null,\n                  \"fonts\": null\n                },\n                \"children\": [\n                  {\n                    \"type\": \"text\",\n                    \"data\": {\n                      \"preserveSpace\": true,\n                      \"text\": \"下線\"\n                    }\n                  }\n                ]\n              }\n            }\n          ],\n          \"property\": {\n            \"runProperty\": {\n              \"sz\": null,\n              \"szCs\": null,\n              \"color\": null,\n              \"highlight\": null,\n              \"underline\": null,\n              \"bold\": null,\n              \"boldCs\": null,\n              \"italic\": null,\n              \"italicCs\": null,\n              \"vanish\": null,\n              \"spacing\": null,\n              \"fonts\": null\n            },\n            \"style\": \"Normal\",\n            \"numberingProperty\": null,\n            \"alignment\": null,\n            \"indent\": null,\n            \"lineHeight\": null\n          },\n          \"hasNumbering\": false\n        }\n      }\n    ],\n    \"sectionProperty\": {\n      \"pageSize\": {\n        \"w\": 11906,\n        \"h\": 16838\n      },\n      \"pageMargin\": {\n        \"top\": 1134,\n        \"left\": 1134,\n        \"bottom\": 1134,\n        \"right\": 1134,\n        \"header\": 0,\n        \"footer\": 0,\n        \"gutter\": 0\n      },\n      \"columns\": 425,\n      \"documentGrid\": 360,\n      \"headerReference\": {\n        \"headerType\": \"default\",\n        \"id\": \"rId4\"\n      },\n      \"sectionType\": null\n    },\n    \"hasNumbering\": false\n  },\n  \"comments\": {\n    \"comments\": []\n  },\n  \"numberings\": {\n    \"abstractNums\": [],\n    \"numberings\": []\n  },\n  \"settings\": {\n    \"defaultTabStop\": 709,\n    \"zoom\": 100,\n    \"docId\": null,\n    \"docVars\": []\n  },\n  \"fontTable\": {},\n  \"media\": [],\n  \"header\": {\n    \"children\": []\n  },\n  \"commentsExtended\": {\n    \"children\": []\n  }\n}"
